    1C
    1UUSER                                                              
    1UDATE              08.may.2026                                     
    1UTIME              15:19:27                                        
    1UHOST                                                              
    1UPGM               CalculiX                                        
    1UVERSION           Version 2.23                             
    1UCOMPILETIME       Sun Oct 19 18:23:34 CEST 2025                    
    1UDIR                                                               
    1UDBN                                                               
    1UMAT    1CARBON_FIBER_HM_MAIN                                      
    1UMAT    2CARBON_FIBER_HM_REAR                                      
    2C                           238                                     1
 -1         1 3.14193E-01 8.57728E-23 7.14391E-02
 -1         2 3.13078E-01 1.45474E-01 7.53225E-02
 -1         3 3.11963E-01 2.90949E-01 7.92058E-02
 -1         4 3.10841E-01 4.36426E-01 8.31100E-02
 -1         5 3.09719E-01 5.81903E-01 8.70141E-02
 -1         6 3.08595E-01 7.27383E-01 9.09187E-02
 -1         7 3.07470E-01 8.72863E-01 9.48233E-02
 -1         8 3.06366E-01 1.01835E+00 9.86967E-02
 -1         9 3.05261E-01 1.16383E+00 1.02570E-01
 -1        10 3.04243E-01 1.30932E+00 1.06370E-01
 -1        11 3.03225E-01 1.45481E+00 1.10169E-01
 -1        12 3.02083E-01 1.60030E+00 1.13921E-01
 -1        13 3.00941E-01 1.74579E+00 1.17674E-01
 -1        14 2.99674E-01 1.89128E+00 1.21477E-01
 -1        15 2.98407E-01 2.03677E+00 1.25281E-01
 -1        16 2.97256E-01 2.18226E+00 1.29135E-01
 -1        17 2.96106E-01 2.32776E+00 1.32989E-01
 -1        18 2.95048E-01 2.47325E+00 1.36883E-01
 -1        19 2.93989E-01 2.61875E+00 1.40777E-01
 -1        20 2.92788E-01 2.76426E+00 1.46250E-01
 -1        21 2.91587E-01 2.90977E+00 1.51722E-01
 -1        22 2.90362E-01 3.05530E+00 1.58488E-01
 -1        23 2.89138E-01 3.20083E+00 1.65254E-01
 -1        24 2.88026E-01 3.34637E+00 1.72055E-01
 -1        25 2.86913E-01 3.49191E+00 1.78857E-01
 -1        26 2.85784E-01 3.63746E+00 1.85626E-01
 -1        27 2.84655E-01 3.78300E+00 1.92396E-01
 -1        28 2.83522E-01 3.92857E+00 1.99055E-01
 -1        29 2.82388E-01 4.07413E+00 2.05715E-01
 -1        30 2.81369E-01 4.21971E+00 2.12176E-01
 -1        31 2.80350E-01 4.36529E+00 2.18637E-01
 -1        32 2.79175E-01 4.51089E+00 2.24822E-01
 -1        33 2.78001E-01 4.65648E+00 2.31007E-01
 -1        34 2.76650E-01 4.80209E+00 2.36886E-01
 -1        35 2.75299E-01 4.94771E+00 2.42765E-01
 -1        36 2.74094E-01 5.09335E+00 2.48269E-01
 -1        37 2.72890E-01 5.23899E+00 2.53773E-01
 -1        38 2.71773E-01 5.38465E+00 2.58824E-01
 -1        39 2.70656E-01 5.53032E+00 2.63875E-01
 -1        40 2.69577E-01 5.67601E+00 2.68386E-01
 -1        41 2.68498E-01 5.82171E+00 2.72896E-01
 -1        42 2.67281E-01 5.96748E+00 2.77996E-01
 -1        43 2.66064E-01 6.11325E+00 2.83097E-01
 -1        44 2.64644E-01 6.25915E+00 2.89802E-01
 -1        45 2.63224E-01 6.40505E+00 2.96507E-01
 -1        46 2.62112E-01 6.55101E+00 3.02430E-01
 -1        47 2.61000E-01 6.69697E+00 3.08352E-01
 -1        48 2.59864E-01 6.84300E+00 3.13337E-01
 -1        49 2.58727E-01 6.98904E+00 3.18321E-01
 -1        50 2.57530E-01 7.13515E+00 3.22204E-01
 -1        51 2.56332E-01 7.28126E+00 3.26087E-01
 -1        52 2.55191E-01 7.42746E+00 3.28695E-01
 -1        53 2.54050E-01 7.57365E+00 3.31303E-01
 -1        54 2.52848E-01 7.71994E+00 3.32433E-01
 -1        55 2.51646E-01 7.86622E+00 3.33564E-01
 -1        56 2.50333E-01 8.01259E+00 3.33432E-01
 -1        57 2.49019E-01 8.15895E+00 3.33300E-01
 -1        58 2.47792E-01 8.30540E+00 3.32092E-01
 -1        59 2.46566E-01 8.45185E+00 3.30885E-01
 -1        60 2.45443E-01 8.59836E+00 3.28778E-01
 -1        61 2.44321E-01 8.74488E+00 3.26671E-01
 -1        62 2.43065E-01 8.89156E+00 3.25107E-01
 -1        63 2.41810E-01 9.03824E+00 3.23543E-01
 -1        64 2.40257E-01 9.18522E+00 3.24170E-01
 -1        65 2.38704E-01 9.33219E+00 3.24798E-01
 -1        66 2.37533E-01 9.47923E+00 3.25044E-01
 -1        67 2.36361E-01 9.62627E+00 3.25289E-01
 -1        68 2.35153E-01 9.77336E+00 3.25237E-01
 -1        69 2.33944E-01 9.92046E+00 3.25184E-01
 -1        70 2.32606E-01 1.00676E+01 3.24910E-01
 -1        71 2.31268E-01 1.02147E+01 3.24635E-01
 -1        72 2.29758E-01 1.03619E+01 3.24206E-01
 -1        73 2.28248E-01 1.05091E+01 3.23776E-01
 -1        74 2.27035E-01 1.06564E+01 3.22926E-01
 -1        75 2.25823E-01 1.08036E+01 3.22076E-01
 -1        76 2.24803E-01 1.09510E+01 3.20670E-01
 -1        77 2.23782E-01 1.10983E+01 3.19265E-01
 -1        78 2.22506E-01 1.12457E+01 3.17504E-01
 -1        79 2.21229E-01 1.13931E+01 3.15742E-01
 -1        80 2.19909E-01 1.15405E+01 3.13806E-01
 -1        81 2.18589E-01 1.16880E+01 3.11869E-01
 -1        82 2.17404E-01 1.18355E+01 3.09926E-01
 -1        83 2.16219E-01 1.19830E+01 3.07982E-01
 -1        84 2.14625E-01 1.21307E+01 3.08930E-01
 -1        85 2.13032E-01 1.22785E+01 3.09878E-01
 -1        86 2.11625E-01 1.24265E+01 3.12314E-01
 -1        87 2.10218E-01 1.25744E+01 3.14751E-01
 -1        88 2.08912E-01 1.27224E+01 3.17561E-01
 -1        89 2.07606E-01 1.28703E+01 3.20370E-01
 -1        90 2.06081E-01 1.30183E+01 3.23585E-01
 -1        91 2.04555E-01 1.31663E+01 3.26800E-01
 -1        92 2.02351E-01 1.33142E+01 3.30442E-01
 -1        93 2.00147E-01 1.34622E+01 3.34085E-01
 -1        94 1.98961E-01 1.36103E+01 3.37933E-01
 -1        95 1.97775E-01 1.37583E+01 3.41781E-01
 -1        96 1.97383E-01 1.39064E+01 3.45730E-01
 -1        97 1.96991E-01 1.40546E+01 3.49679E-01
 -1        98 1.95289E-01 1.42029E+01 3.55613E-01
 -1        99 1.93587E-01 1.43512E+01 3.61546E-01
 -1       100 1.91922E-01 1.44996E+01 3.68962E-01
 -1       101 1.90257E-01 1.46481E+01 3.76378E-01
 -1       102 1.88853E-01 1.47965E+01 3.84317E-01
 -1       103 1.87450E-01 1.49450E+01 3.92256E-01
 -1       104 1.85974E-01 1.50935E+01 4.00794E-01
 -1       105 1.84499E-01 1.52420E+01 4.09332E-01
 -1       106 1.83034E-01 1.53904E+01 4.18526E-01
 -1       107 1.81570E-01 1.55389E+01 4.27720E-01
 -1       108 1.79763E-01 1.56876E+01 4.39294E-01
 -1       109 1.77956E-01 1.58362E+01 4.50867E-01
 -1       110 1.76363E-01 1.59849E+01 4.63385E-01
 -1       111 1.74770E-01 1.61336E+01 4.75903E-01
 -1       112 1.73188E-01 1.62823E+01 4.89187E-01
 -1       113 1.71606E-01 1.64310E+01 5.02470E-01
 -1       114 1.69384E-01 1.65798E+01 5.17695E-01
 -1       115 1.67162E-01 1.67286E+01 5.32920E-01
 -1       116 1.65122E-01 1.68775E+01 5.48994E-01
 -1       117 1.63081E-01 1.70263E+01 5.65068E-01
 -1       118 1.61103E-01 1.71752E+01 5.81926E-01
 -1       119 1.59124E-01 1.73240E+01 5.98785E-01
 -1       120 8.79741E-01 8.57728E-23 6.51859E-02
 -1       121 8.76529E-01 1.45474E-01 6.60629E-02
 -1       122 8.73316E-01 2.90949E-01 6.69399E-02
 -1       123 8.70139E-01 4.36426E-01 6.34028E-02
 -1       124 8.66961E-01 5.81903E-01 5.98657E-02
 -1       125 8.63807E-01 7.27383E-01 5.48064E-02
 -1       126 8.60652E-01 8.72863E-01 4.97470E-02
 -1       127 8.57492E-01 1.01835E+00 4.60684E-02
 -1       128 8.54332E-01 1.16383E+00 4.23898E-02
 -1       129 8.51212E-01 1.30932E+00 4.30061E-02
 -1       130 8.48091E-01 1.45481E+00 4.36225E-02
 -1       131 8.45127E-01 1.60030E+00 4.71474E-02
 -1       132 8.42164E-01 1.74579E+00 5.06722E-02
 -1       133 8.39014E-01 1.89128E+00 5.33308E-02
 -1       134 8.35864E-01 2.03677E+00 5.59893E-02
 -1       135 8.32677E-01 2.18226E+00 5.73032E-02
 -1       136 8.29491E-01 2.32776E+00 5.86171E-02
 -1       137 8.26358E-01 2.47325E+00 5.81194E-02
 -1       138 8.23225E-01 2.61875E+00 5.76217E-02
 -1       139 8.19970E-01 2.76426E+00 5.64664E-02
 -1       140 8.16716E-01 2.90977E+00 5.53112E-02
 -1       141 8.13442E-01 3.05530E+00 5.37092E-02
 -1       142 8.10168E-01 3.20083E+00 5.21073E-02
 -1       143 8.06935E-01 3.34637E+00 5.00205E-02
 -1       144 8.03702E-01 3.49191E+00 4.79337E-02
 -1       145 8.00434E-01 3.63746E+00 4.65763E-02
 -1       146 7.97165E-01 3.78300E+00 4.52189E-02
 -1       147 7.93926E-01 3.92857E+00 4.58181E-02
 -1       148 7.90687E-01 4.07413E+00 4.64173E-02
 -1       149 7.87643E-01 4.21971E+00 5.02132E-02
 -1       150 7.84599E-01 4.36529E+00 5.40091E-02
 -1       151 7.81408E-01 4.51089E+00 6.06852E-02
 -1       152 7.78217E-01 4.65648E+00 6.73613E-02
 -1       153 7.74769E-01 4.80209E+00 7.49765E-02
 -1       154 7.71321E-01 4.94771E+00 8.25918E-02
 -1       155 7.68103E-01 5.09335E+00 9.00890E-02
 -1       156 7.64885E-01 5.23899E+00 9.75861E-02
 -1       157 7.61642E-01 5.38465E+00 1.03922E-01
 -1       158 7.58398E-01 5.53032E+00 1.10257E-01
 -1       159 7.55162E-01 5.67601E+00 1.14401E-01
 -1       160 7.51925E-01 5.82171E+00 1.18545E-01
 -1       161 7.48597E-01 5.96748E+00 1.20702E-01
 -1       162 7.45269E-01 6.11325E+00 1.22859E-01
 -1       163 7.41783E-01 6.25915E+00 1.23905E-01
 -1       164 7.38298E-01 6.40505E+00 1.24951E-01
 -1       165 7.34983E-01 6.55101E+00 1.23827E-01
 -1       166 7.31668E-01 6.69697E+00 1.22702E-01
 -1       167 7.28253E-01 6.84300E+00 1.20597E-01
 -1       168 7.24838E-01 6.98904E+00 1.18493E-01
 -1       169 7.21462E-01 7.13515E+00 1.16615E-01
 -1       170 7.18086E-01 7.28126E+00 1.14738E-01
 -1       171 7.14997E-01 7.42746E+00 1.14313E-01
 -1       172 7.11909E-01 7.57365E+00 1.13889E-01
 -1       173 7.08063E-01 7.71994E+00 1.15640E-01
 -1       174 7.04217E-01 7.86622E+00 1.17390E-01
 -1       175 7.00395E-01 8.01259E+00 1.20182E-01
 -1       176 6.96573E-01 8.15895E+00 1.22974E-01
 -1       177 6.93335E-01 8.30540E+00 1.25414E-01
 -1       178 6.90097E-01 8.45185E+00 1.27853E-01
 -1       179 6.86741E-01 8.59836E+00 1.28565E-01
 -1       180 6.83384E-01 8.74488E+00 1.29276E-01
 -1       181 6.79876E-01 8.89156E+00 1.28194E-01
 -1       182 6.76368E-01 9.03824E+00 1.27111E-01
 -1       183 6.72640E-01 9.18522E+00 1.25234E-01
 -1       184 6.68911E-01 9.33219E+00 1.23357E-01
 -1       185 6.65416E-01 9.47923E+00 1.19209E-01
 -1       186 6.61922E-01 9.62627E+00 1.15060E-01
 -1       187 6.58288E-01 9.77336E+00 1.09890E-01
 -1       188 6.54655E-01 9.92046E+00 1.04719E-01
 -1       189 6.51017E-01 1.00676E+01 9.97987E-02
 -1       190 6.47379E-01 1.02147E+01 9.48784E-02
 -1       191 6.43670E-01 1.03619E+01 9.15041E-02
 -1       192 6.39962E-01 1.05091E+01 8.81298E-02
 -1       193 6.35944E-01 1.06564E+01 8.69749E-02
 -1       194 6.31925E-01 1.08036E+01 8.58200E-02
 -1       195 6.28301E-01 1.09510E+01 8.60244E-02
 -1       196 6.24677E-01 1.10983E+01 8.62288E-02
 -1       197 6.21121E-01 1.12457E+01 8.69265E-02
 -1       198 6.17565E-01 1.13931E+01 8.76242E-02
 -1       199 6.13951E-01 1.15405E+01 8.79690E-02
 -1       200 6.10337E-01 1.16880E+01 8.83138E-02
 -1       201 6.06797E-01 1.18355E+01 8.74791E-02
 -1       202 6.03256E-01 1.19830E+01 8.66445E-02
 -1       203 5.99269E-01 1.21307E+01 8.66518E-02
 -1       204 5.95282E-01 1.22785E+01 8.66591E-02
 -1       205 5.91418E-01 1.24265E+01 8.63692E-02
 -1       206 5.87554E-01 1.25744E+01 8.60793E-02
 -1       207 5.83696E-01 1.27224E+01 8.52161E-02
 -1       208 5.79838E-01 1.28703E+01 8.43530E-02
 -1       209 5.75817E-01 1.30183E+01 8.38587E-02
 -1       210 5.71795E-01 1.31663E+01 8.33644E-02
 -1       211 5.66953E-01 1.33142E+01 8.42021E-02
 -1       212 5.62111E-01 1.34622E+01 8.50397E-02
 -1       213 5.58998E-01 1.36103E+01 8.76258E-02
 -1       214 5.55885E-01 1.37583E+01 9.02119E-02
 -1       215 5.53162E-01 1.39064E+01 9.41978E-02
 -1       216 5.50439E-01 1.40546E+01 9.81838E-02
 -1       217 5.45830E-01 1.42029E+01 1.05192E-01
 -1       218 5.41220E-01 1.43512E+01 1.12200E-01
 -1       219 5.36940E-01 1.44996E+01 1.21499E-01
 -1       220 5.32660E-01 1.46481E+01 1.30799E-01
 -1       221 5.28563E-01 1.47965E+01 1.41234E-01
 -1       222 5.24467E-01 1.49450E+01 1.51668E-01
 -1       223 5.20261E-01 1.50935E+01 1.63149E-01
 -1       224 5.16055E-01 1.52420E+01 1.74629E-01
 -1       225 5.11883E-01 1.53904E+01 1.87076E-01
 -1       226 5.07712E-01 1.55389E+01 1.99523E-01
 -1       227 5.02952E-01 1.56876E+01 2.14429E-01
 -1       228 4.98192E-01 1.58362E+01 2.29336E-01
 -1       229 4.93598E-01 1.59849E+01 2.45299E-01
 -1       230 4.89004E-01 1.61336E+01 2.61263E-01
 -1       231 4.84441E-01 1.62823E+01 2.78065E-01
 -1       232 4.79878E-01 1.64310E+01 2.94867E-01
 -1       233 4.73861E-01 1.65798E+01 3.13561E-01
 -1       234 4.67843E-01 1.67286E+01 3.32255E-01
 -1       235 4.62049E-01 1.68775E+01 3.51814E-01
 -1       236 4.56255E-01 1.70263E+01 3.71373E-01
 -1       237 4.50708E-01 1.71752E+01 3.91726E-01
 -1       238 4.45161E-01 1.73240E+01 4.12080E-01
 -3
    3C                           118                                     1
 -1         1   12    0    1
 -2         1         3         2
 -1         2   12    0    1
 -2         3         5         4
 -1         3   12    0    1
 -2         5         7         6
 -1         4   12    0    1
 -2         7         9         8
 -1         5   12    0    1
 -2         9        11        10
 -1         6   12    0    1
 -2        11        13        12
 -1         7   12    0    1
 -2        13        15        14
 -1         8   12    0    1
 -2        15        17        16
 -1         9   12    0    1
 -2        17        19        18
 -1        10   12    0    1
 -2        19        21        20
 -1        11   12    0    1
 -2        21        23        22
 -1        12   12    0    1
 -2        23        25        24
 -1        13   12    0    1
 -2        25        27        26
 -1        14   12    0    1
 -2        27        29        28
 -1        15   12    0    1
 -2        29        31        30
 -1        16   12    0    1
 -2        31        33        32
 -1        17   12    0    1
 -2        33        35        34
 -1        18   12    0    1
 -2        35        37        36
 -1        19   12    0    1
 -2        37        39        38
 -1        20   12    0    1
 -2        39        41        40
 -1        21   12    0    1
 -2        41        43        42
 -1        22   12    0    1
 -2        43        45        44
 -1        23   12    0    1
 -2        45        47        46
 -1        24   12    0    1
 -2        47        49        48
 -1        25   12    0    1
 -2        49        51        50
 -1        26   12    0    1
 -2        51        53        52
 -1        27   12    0    1
 -2        53        55        54
 -1        28   12    0    1
 -2        55        57        56
 -1        29   12    0    1
 -2        57        59        58
 -1        30   12    0    1
 -2        59        61        60
 -1        31   12    0    1
 -2        61        63        62
 -1        32   12    0    1
 -2        63        65        64
 -1        33   12    0    1
 -2        65        67        66
 -1        34   12    0    1
 -2        67        69        68
 -1        35   12    0    1
 -2        69        71        70
 -1        36   12    0    1
 -2        71        73        72
 -1        37   12    0    1
 -2        73        75        74
 -1        38   12    0    1
 -2        75        77        76
 -1        39   12    0    1
 -2        77        79        78
 -1        40   12    0    1
 -2        79        81        80
 -1        41   12    0    1
 -2        81        83        82
 -1        42   12    0    1
 -2        83        85        84
 -1        43   12    0    1
 -2        85        87        86
 -1        44   12    0    1
 -2        87        89        88
 -1        45   12    0    1
 -2        89        91        90
 -1        46   12    0    1
 -2        91        93        92
 -1        47   12    0    1
 -2        93        95        94
 -1        48   12    0    1
 -2        95        97        96
 -1        49   12    0    1
 -2        97        99        98
 -1        50   12    0    1
 -2        99       101       100
 -1        51   12    0    1
 -2       101       103       102
 -1        52   12    0    1
 -2       103       105       104
 -1        53   12    0    1
 -2       105       107       106
 -1        54   12    0    1
 -2       107       109       108
 -1        55   12    0    1
 -2       109       111       110
 -1        56   12    0    1
 -2       111       113       112
 -1        57   12    0    1
 -2       113       115       114
 -1        58   12    0    1
 -2       115       117       116
 -1        59   12    0    1
 -2       117       119       118
 -1        60   12    0    2
 -2       120       122       121
 -1        61   12    0    2
 -2       122       124       123
 -1        62   12    0    2
 -2       124       126       125
 -1        63   12    0    2
 -2       126       128       127
 -1        64   12    0    2
 -2       128       130       129
 -1        65   12    0    2
 -2       130       132       131
 -1        66   12    0    2
 -2       132       134       133
 -1        67   12    0    2
 -2       134       136       135
 -1        68   12    0    2
 -2       136       138       137
 -1        69   12    0    2
 -2       138       140       139
 -1        70   12    0    2
 -2       140       142       141
 -1        71   12    0    2
 -2       142       144       143
 -1        72   12    0    2
 -2       144       146       145
 -1        73   12    0    2
 -2       146       148       147
 -1        74   12    0    2
 -2       148       150       149
 -1        75   12    0    2
 -2       150       152       151
 -1        76   12    0    2
 -2       152       154       153
 -1        77   12    0    2
 -2       154       156       155
 -1        78   12    0    2
 -2       156       158       157
 -1        79   12    0    2
 -2       158       160       159
 -1        80   12    0    2
 -2       160       162       161
 -1        81   12    0    2
 -2       162       164       163
 -1        82   12    0    2
 -2       164       166       165
 -1        83   12    0    2
 -2       166       168       167
 -1        84   12    0    2
 -2       168       170       169
 -1        85   12    0    2
 -2       170       172       171
 -1        86   12    0    2
 -2       172       174       173
 -1        87   12    0    2
 -2       174       176       175
 -1        88   12    0    2
 -2       176       178       177
 -1        89   12    0    2
 -2       178       180       179
 -1        90   12    0    2
 -2       180       182       181
 -1        91   12    0    2
 -2       182       184       183
 -1        92   12    0    2
 -2       184       186       185
 -1        93   12    0    2
 -2       186       188       187
 -1        94   12    0    2
 -2       188       190       189
 -1        95   12    0    2
 -2       190       192       191
 -1        96   12    0    2
 -2       192       194       193
 -1        97   12    0    2
 -2       194       196       195
 -1        98   12    0    2
 -2       196       198       197
 -1        99   12    0    2
 -2       198       200       199
 -1       100   12    0    2
 -2       200       202       201
 -1       101   12    0    2
 -2       202       204       203
 -1       102   12    0    2
 -2       204       206       205
 -1       103   12    0    2
 -2       206       208       207
 -1       104   12    0    2
 -2       208       210       209
 -1       105   12    0    2
 -2       210       212       211
 -1       106   12    0    2
 -2       212       214       213
 -1       107   12    0    2
 -2       214       216       215
 -1       108   12    0    2
 -2       216       218       217
 -1       109   12    0    2
 -2       218       220       219
 -1       110   12    0    2
 -2       220       222       221
 -1       111   12    0    2
 -2       222       224       223
 -1       112   12    0    2
 -2       224       226       225
 -1       113   12    0    2
 -2       226       228       227
 -1       114   12    0    2
 -2       228       230       229
 -1       115   12    0    2
 -2       230       232       231
 -1       116   12    0    2
 -2       232       234       233
 -1       117   12    0    2
 -2       234       236       235
 -1       118   12    0    2
 -2       236       238       237
 -3
    1PSTEP                         1           1           1          
  100CL  101 1.000000000         238                     0    1           1
 -4  DISP        4    1
 -5  D1          1    2    1    0
 -5  D2          1    2    2    0
 -5  D3          1    2    3    0
 -5  ALL         1    2    0    0    1ALL
 -1         1 0.00000E+00-7.44463E-24 0.00000E+00
 -1         2-6.64271E-06 1.27473E-06 4.48962E-05
 -1         3-2.62085E-05 1.59903E-07 1.75522E-04
 -1         4-5.82636E-05-3.23055E-06 3.86778E-04
 -1         5-1.01538E-04-8.58691E-06 6.67781E-04
 -1         6-1.54611E-04-1.55637E-05 1.00674E-03
 -1         7-2.16278E-04-2.39303E-05 1.39446E-03
 -1         8-2.85385E-04-3.33223E-05 1.82231E-03
 -1         9-3.60701E-04-4.36441E-05 2.28235E-03
 -1        10-4.40981E-04-5.42891E-05 2.76680E-03
 -1        11-5.24950E-04-6.54689E-05 3.26906E-03
 -1        12-6.11421E-04-7.89821E-05 3.78237E-03
 -1        13-7.00109E-04-9.26167E-05 4.29797E-03
 -1        14-7.90825E-04-1.06282E-04 4.80693E-03
 -1        15-8.83384E-04-1.19612E-04 5.30142E-03
 -1        16-9.77605E-04-1.32458E-04 5.77386E-03
 -1        17-1.07330E-03-1.44579E-04 6.21778E-03
 -1        18-1.17026E-03-1.55822E-04 6.62694E-03
 -1        19-1.26830E-03-1.66026E-04 6.99619E-03
 -1        20-1.36722E-03-1.78646E-04 7.32070E-03
 -1        21-1.46682E-03-1.89452E-04 7.59671E-03
 -1        22-1.56694E-03-2.00319E-04 7.82085E-03
 -1        23-1.66737E-03-2.08661E-04 7.99085E-03
 -1        24-1.76794E-03-2.14350E-04 8.10474E-03
 -1        25-1.86842E-03-2.17372E-04 8.16160E-03
 -1        26-1.96865E-03-2.17709E-04 8.16078E-03
 -1        27-2.06840E-03-2.15378E-04 8.10269E-03
 -1        28-2.16749E-03-2.10500E-04 7.98794E-03
 -1        29-2.26571E-03-2.03104E-04 7.81825E-03
 -1        30-2.36288E-03-1.93490E-04 7.59550E-03
 -1        31-2.45877E-03-1.81652E-04 7.32269E-03
 -1        32-2.55319E-03-1.68890E-04 7.00282E-03
 -1        33-2.64616E-03-1.54261E-04 6.63907E-03
 -1        34-2.73770E-03-1.38841E-04 6.23462E-03
 -1        35-2.82784E-03-1.21945E-04 5.79378E-03
 -1        36-2.91661E-03-1.04875E-04 5.32098E-03
 -1        37-3.00403E-03-8.68021E-05 4.82184E-03
 -1        38-3.09013E-03-6.95011E-05 4.30202E-03
 -1        39-3.17495E-03-5.17162E-05 3.76840E-03
 -1        40-3.25850E-03-3.56686E-05 3.22791E-03
 -1        41-3.34082E-03-1.96548E-05 2.68869E-03
 -1        42-3.42200E-03-1.85809E-06 2.15874E-03
 -1        43-3.50202E-03 1.52884E-05 1.64760E-03
 -1        44-3.58100E-03 3.66642E-05 1.16438E-03
 -1        45-3.65886E-03 5.62426E-05 7.20039E-04
 -1        46-3.73562E-03 7.16070E-05 3.25140E-04
 -1        47-3.81131E-03 8.44757E-05-8.40448E-06
 -1        48-3.88597E-03 9.27036E-05-2.68756E-04
 -1        49-3.95961E-03 9.79802E-05-4.42803E-04
 -1        50-4.03229E-03 9.92866E-05-5.17401E-04
 -1        51-4.10401E-03 9.75695E-05-4.78301E-04
 -1        52-4.17487E-03 9.39343E-05-3.10976E-04
 -1        53-4.24483E-03 8.77423E-05 0.00000E+00
 -1        54-4.31399E-03 8.40110E-05 4.66942E-04
 -1        55-4.38203E-03 7.92464E-05 1.07234E-03
 -1        56-4.44878E-03 7.97395E-05 1.79582E-03
 -1        57-4.51389E-03 8.03606E-05 2.61711E-03
 -1        58-4.57719E-03 8.76999E-05 3.51690E-03
 -1        59-4.63833E-03 9.55659E-05 4.47579E-03
 -1        60-4.69712E-03 1.09942E-04 5.47542E-03
 -1        61-4.75319E-03 1.24676E-04 6.49734E-03
 -1        62-4.80629E-03 1.35641E-04 7.52486E-03
 -1        63-4.85611E-03 1.46502E-04 8.53990E-03
 -1        64-4.90236E-03 1.42255E-04 9.52766E-03
 -1        65-4.94482E-03 1.38261E-04 1.04704E-02
 -1        66-4.98329E-03 1.36953E-04 1.13530E-02
 -1        67-5.01745E-03 1.35811E-04 1.21602E-02
 -1        68-5.04704E-03 1.36298E-04 1.28777E-02
 -1        69-5.07179E-03 1.36790E-04 1.34921E-02
 -1        70-5.09144E-03 1.38017E-04 1.39901E-02
 -1        71-5.10562E-03 1.39044E-04 1.43565E-02
 -1        72-5.11405E-03 1.40081E-04 1.45781E-02
 -1        73-5.11681E-03 1.40737E-04 1.46521E-02
 -1        74-5.11770E-03 1.41264E-04 1.47046E-02
 -1        75-5.12021E-03 1.42320E-04 1.48520E-02
 -1        76-5.12455E-03 1.44926E-04 1.51009E-02
 -1        77-5.13090E-03 1.48552E-04 1.54591E-02
 -1        78-5.13911E-03 1.54166E-04 1.59132E-02
 -1        79-5.14886E-03 1.60672E-04 1.64430E-02
 -1        80-5.15983E-03 1.68515E-04 1.70280E-02
 -1        81-5.17172E-03 1.76844E-04 1.76507E-02
 -1        82-5.18425E-03 1.85491E-04 1.82948E-02
 -1        83-5.19713E-03 1.94209E-04 1.89444E-02
 -1        84-5.20998E-03 1.90218E-04 1.95859E-02
 -1        85-5.22260E-03 1.86377E-04 2.02043E-02
 -1        86-5.23471E-03 1.76921E-04 2.07872E-02
 -1        87-5.24607E-03 1.68266E-04 2.13223E-02
 -1        88-5.25638E-03 1.59398E-04 2.17984E-02
 -1        89-5.26539E-03 1.51846E-04 2.22060E-02
 -1        90-5.27279E-03 1.44871E-04 2.25356E-02
 -1        91-5.27830E-03 1.39826E-04 2.27773E-02
 -1        92-5.28165E-03 1.36456E-04 2.29229E-02
 -1        93-5.28277E-03 1.35521E-04 2.29711E-02
 -1        94-5.28276E-03 1.34386E-04 2.30148E-02
 -1        95-5.28273E-03 1.31173E-04 2.31387E-02
 -1        96-5.28268E-03 1.25299E-04 2.33590E-02
 -1        97-5.28260E-03 1.16405E-04 2.36932E-02
 -1        98-5.28243E-03 9.88899E-05 2.41312E-02
 -1        99-5.28223E-03 7.78909E-05 2.46564E-02
 -1       100-5.28193E-03 4.81341E-05 2.52523E-02
 -1       101-5.28161E-03 1.55060E-05 2.59056E-02
 -1       102-5.28124E-03-2.18769E-05 2.66049E-02
 -1       103-5.28085E-03-6.11579E-05 2.73396E-02
 -1       104-5.28042E-03-1.04891E-04 2.81003E-02
 -1       105-5.27997E-03-1.49668E-04 2.88790E-02
 -1       106-5.27949E-03-1.98576E-04 2.96690E-02
 -1       107-5.27900E-03-2.47847E-04 3.04649E-02
 -1       108-5.27838E-03-3.09965E-04 3.12629E-02
 -1       109-5.27776E-03-3.71939E-04 3.20591E-02
 -1       110-5.27710E-03-4.38614E-04 3.28511E-02
 -1       111-5.27645E-03-5.04847E-04 3.36378E-02
 -1       112-5.27575E-03-5.74631E-04 3.44190E-02
 -1       113-5.27507E-03-6.44005E-04 3.51956E-02
 -1       114-5.27429E-03-7.23174E-04 3.59696E-02
 -1       115-5.27351E-03-8.02098E-04 3.67413E-02
 -1       116-5.27269E-03-8.85259E-04 3.75115E-02
 -1       117-5.27187E-03-9.68319E-04 3.82807E-02
 -1       118-5.27101E-03-1.05538E-03 3.90496E-02
 -1       119-5.27015E-03-1.14243E-03 3.98182E-02
 -1       120 1.98523E-23 3.10193E-25-4.96308E-24
 -1       121-7.94156E-06-9.63106E-06 6.85173E-05
 -1       122-3.09337E-05-2.00383E-05 2.11497E-04
 -1       123-6.71866E-05-2.64059E-05 3.54562E-04
 -1       124-1.14252E-04-3.30384E-05 4.95852E-04
 -1       125-1.69940E-04-3.76317E-05 6.59219E-04
 -1       126-2.32701E-04-3.96760E-05 8.99474E-04
 -1       127-3.01094E-04-4.07985E-05 1.27223E-03
 -1       128-3.73599E-04-3.79228E-05 1.80504E-03
 -1       129-4.48292E-04-5.15268E-05 2.49811E-03
 -1       130-5.24950E-04-6.54689E-05 3.26906E-03
 -1       131-6.03089E-04-8.69434E-05 4.02964E-03
 -1       132-6.83529E-04-1.07531E-04 4.75351E-03
 -1       133-7.67047E-04-1.23151E-04 5.42921E-03
 -1       134-8.53632E-04-1.37742E-04 6.04704E-03
 -1       135-9.43353E-04-1.46146E-04 6.59859E-03
 -1       136-1.03587E-03-1.53932E-04 7.07857E-03
 -1       137-1.13117E-03-1.56054E-04 7.48369E-03
 -1       138-1.22908E-03-1.58457E-04 7.81524E-03
 -1       139-1.32957E-03-1.60090E-04 8.07599E-03
 -1       140-1.43218E-03-1.62277E-04 8.26973E-03
 -1       141-1.53639E-03-1.64633E-04 8.40072E-03
 -1       142-1.64158E-03-1.67630E-04 8.47363E-03
 -1       143-1.74720E-03-1.71145E-04 8.49345E-03
 -1       144-1.85278E-03-1.75321E-04 8.46571E-03
 -1       145-1.95785E-03-1.79790E-04 8.39537E-03
 -1       146-2.06189E-03-1.84597E-04 8.28424E-03
 -1       147-2.16431E-03-1.87701E-04 8.13168E-03
 -1       148-2.26469E-03-1.90540E-04 7.93022E-03
 -1       149-2.36273E-03-1.87211E-04 7.66803E-03
 -1       150-2.45877E-03-1.81652E-04 7.32269E-03
 -1       151-2.55330E-03-1.63044E-04 6.87620E-03
 -1       152-2.64627E-03-1.40293E-04 6.34062E-03
 -1       153-2.73773E-03-1.10573E-04 5.73489E-03
 -1       154-2.82774E-03-7.81104E-05 5.07774E-03
 -1       155-2.91641E-03-4.43201E-05 4.38736E-03
 -1       156-3.00373E-03-9.67212E-06 3.68121E-03
 -1       157-3.08961E-03 1.93022E-05 2.97592E-03
 -1       158-3.17412E-03 4.76089E-05 2.28697E-03
 -1       159-3.25716E-03 6.46977E-05 1.62875E-03
 -1       160-3.33882E-03 8.05913E-05 1.01400E-03
 -1       161-3.41910E-03 8.72582E-05 4.54128E-04
 -1       162-3.49809E-03 9.30006E-05-4.06565E-05
 -1       163-3.57593E-03 9.43740E-05-4.61591E-04
 -1       164-3.65274E-03 9.51904E-05-8.00508E-04
 -1       165-3.72876E-03 9.17522E-05-1.05062E-03
 -1       166-3.80399E-03 8.90630E-05-1.20677E-03
 -1       167-3.87862E-03 8.66986E-05-1.26477E-03
 -1       168-3.95267E-03 8.58108E-05-1.22169E-03
 -1       169-4.02628E-03 8.62111E-05-1.07512E-03
 -1       170-4.09955E-03 8.79722E-05-8.23545E-04
 -1       171-4.17238E-03 8.76980E-05-4.65492E-04
 -1       172-4.24483E-03 8.77423E-05 0.00000E+00
 -1       173-4.31617E-03 7.73326E-05 5.71954E-04
 -1       174-4.38539E-03 6.58401E-05 1.23851E-03
 -1       175-4.45075E-03 4.82048E-05 1.98501E-03
 -1       176-4.51092E-03 2.95588E-05 2.79129E-03
 -1       177-4.56507E-03 1.25854E-05 3.63685E-03
 -1       178-4.61426E-03-4.58964E-06 4.50088E-03
 -1       179-4.66047E-03-1.15355E-05 5.36470E-03
 -1       180-4.70447E-03-1.83628E-05 6.21406E-03
 -1       181-4.74761E-03-1.50009E-05 7.03878E-03
 -1       182-4.78986E-03-1.18503E-05 7.83225E-03
 -1       183-4.83153E-03-4.90145E-06 8.59222E-03
 -1       184-4.87167E-03 1.61359E-06 9.31522E-03
 -1       185-4.91005E-03 1.83768E-05 1.00020E-02
 -1       186-4.94639E-03 3.43760E-05 1.06600E-02
 -1       187-4.98117E-03 5.43040E-05 1.12998E-02
 -1       188-5.01395E-03 7.40912E-05 1.19341E-02
 -1       189-5.04436E-03 9.31197E-05 1.25766E-02
 -1       190-5.07207E-03 1.12866E-04 1.32385E-02
 -1       191-5.09636E-03 1.26388E-04 1.39294E-02
 -1       192-5.11681E-03 1.40737E-04 1.46521E-02
 -1       193-5.13239E-03 1.45500E-04 1.54072E-02
 -1       194-5.14327E-03 1.50614E-04 1.61905E-02
 -1       195-5.14926E-03 1.48613E-04 1.69968E-02
 -1       196-5.15129E-03 1.46690E-04 1.78173E-02
 -1       197-5.15014E-03 1.42077E-04 1.86424E-02
 -1       198-5.14688E-03 1.37548E-04 1.94605E-02
 -1       199-5.14256E-03 1.35050E-04 2.02597E-02
 -1       200-5.13800E-03 1.32632E-04 2.10273E-02
 -1       201-5.13433E-03 1.36084E-04 2.17515E-02
 -1       202-5.13233E-03 1.39181E-04 2.24205E-02
 -1       203-5.13274E-03 1.38403E-04 2.30241E-02
 -1       204-5.13592E-03 1.37554E-04 2.35467E-02
 -1       205-5.14196E-03 1.37497E-04 2.39741E-02
 -1       206-5.15110E-03 1.37140E-04 2.42905E-02
 -1       207-5.16370E-03 1.37185E-04 2.44808E-02
 -1       208-5.18004E-03 1.36302E-04 2.45294E-02
 -1       209-5.20036E-03 1.34651E-04 2.44208E-02
 -1       210-5.22470E-03 1.32301E-04 2.41376E-02
 -1       211-5.25272E-03 1.33340E-04 2.36615E-02
 -1       212-5.28277E-03 1.35521E-04 2.29711E-02
 -1       213-5.31340E-03 1.50959E-04 2.20503E-02
 -1       214-5.34413E-03 1.70222E-04 2.09103E-02
 -1       215-5.37523E-03 2.05772E-04 1.95679E-02
 -1       216-5.40649E-03 2.46317E-04 1.80398E-02
 -1       217-5.43874E-03 3.25686E-04 1.63388E-02
 -1       218-5.47120E-03 4.12406E-04 1.44822E-02
 -1       219-5.50465E-03 5.36699E-04 1.24826E-02
 -1       220-5.53833E-03 6.68997E-04 1.03552E-02
 -1       221-5.57267E-03 8.25641E-04 8.11287E-03
 -1       222-5.60723E-03 9.89486E-04 5.76808E-03
 -1       223-5.64242E-03 1.17682E-03 3.33234E-03
 -1       224-5.67781E-03 1.37033E-03 8.16668E-04
 -1       225-5.71381E-03 1.58604E-03-1.76869E-03
 -1       226-5.74998E-03 1.80680E-03-4.41423E-03
 -1       227-5.78750E-03 2.07636E-03-7.11456E-03
 -1       228-5.82516E-03 2.35026E-03-9.85828E-03
 -1       229-5.86347E-03 2.64754E-03-1.26382E-02
 -1       230-5.90189E-03 2.94795E-03-1.54472E-02
 -1       231-5.94083E-03 3.26681E-03-1.82793E-02
 -1       232-5.97984E-03 3.58767E-03-2.11292E-02
 -1       233-6.01992E-03 3.94611E-03-2.39959E-02
 -1       234-6.06004E-03 4.30571E-03-2.68719E-02
 -1       235-6.10064E-03 4.68284E-03-2.97540E-02
 -1       236-6.14127E-03 5.06045E-03-3.26397E-02
 -1       237-6.18231E-03 5.45371E-03-3.55269E-02
 -1       238-6.22336E-03 5.84707E-03-3.84149E-02
 -3
 9999
