===== ccx stdout =====

************************************************************

CalculiX Version 2.23, Copyright(C) 1998-2025 Guido Dhondt
CalculiX comes with ABSOLUTELY NO WARRANTY. This is free
software, and you are welcome to redistribute it under
certain conditions, see gpl.htm

************************************************************

You are using an executable made on Fri Apr 17 06:02:21 UTC 2026

  The numbers below are estimated upper bounds

  number of:

   nodes:          261
   elements:           32
   one-dimensional elements:            0
   two-dimensional elements:            0
   integration points per element:            8
   degrees of freedom per node:            3
   layers per element:            1

   distributed facial loads:            0
   distributed volumetric loads:            0
   concentrated loads:           21
   single point constraints:           63
   multiple point constraints:            1
   terms in all multiple point constraints:            1
   tie constraints:            0
   dependent nodes tied by cyclic constraints:            0
   dependent nodes in pre-tension constraints:            0

   sets:            4
   terms in all sets:          109

   materials:            1
   constants per material and temperature:            2
   temperature points per material:            1
   plastic data points per material:            0

   orientations:            0
   amplitudes:            4
   data points in all amplitudes:            4
   print requests:            0
   transformations:            0
   property cards:            0


 STEP            1

 Buckling analysis was selected

 Decascading the MPC's

 Determining the structure of the matrix:
 Using up to 1 cpu(s) for setting up the structure of the matrix.
 number of equations
 720
 number of nonzero lower triangular matrix elements
 37458

 Using up to 1 cpu(s) for the stress calculation.

 Using up to 1 cpu(s) for the symmetric stiffness/mass contributions.

 Factoring the system of equations using the symmetric spooles solver
 Using up to 1 cpu(s) for spooles.

 Using up to 1 cpu(s) for the stress calculation.

 Using up to 1 cpu(s) for the symmetric stiffness/mass contributions.

 Factoring the system of equations using the symmetric spooles solver
 Using up to 1 cpu(s) for spooles.

 Calculating the buckling factors and buckling modes:

sigma=1.000000,d[0]=48.154555

 Using up to 1 cpu(s) for the stress calculation.

 Using up to 1 cpu(s) for the stress calculation.

 Using up to 1 cpu(s) for the stress calculation.

 Using up to 1 cpu(s) for the stress calculation.

 Using up to 1 cpu(s) for the stress calculation.

 Using up to 1 cpu(s) for the stress calculation.

 Using up to 1 cpu(s) for the stress calculation.

 Using up to 1 cpu(s) for the stress calculation.

 Using up to 1 cpu(s) for the stress calculation.

 Using up to 1 cpu(s) for the stress calculation.


 Job finished

________________________________________

Total CalculiX Time: 0.051625
________________________________________

===== ccx stderr =====

