ccx=/Volumes/Samsung SSD/homebrew-cellar/Cellar/calculix-ccx/2.23/bin/ccx_2.23
returncode=0
===== stdout =====

************************************************************

CalculiX Version 2.23, Copyright(C) 1998-2025 Guido Dhondt
CalculiX comes with ABSOLUTELY NO WARRANTY. This is free
software, and you are welcome to redistribute it under
certain conditions, see gpl.htm

************************************************************

You are using an executable made on Fri Apr 17 06:02:21 UTC 2026

  The numbers below are estimated upper bounds

  number of:

   nodes:       187248
   elements:         2880
   one-dimensional elements:            0
   two-dimensional elements:         2880
   integration points per element:            8
   degrees of freedom per node:            3
   layers per element:            1

   distributed facial loads:            0
   distributed volumetric loads:            0
   concentrated loads:        23808
   single point constraints:       208512
   multiple point constraints:       345601
   terms in all multiple point constraints:      2211841
   tie constraints:            0
   dependent nodes tied by cyclic constraints:            0
   dependent nodes in pre-tension constraints:            0

   sets:           61
   terms in all sets:         2976

   materials:            1
   constants per material and temperature:            2
   temperature points per material:            1
   plastic data points per material:            0

   orientations:         2880
   amplitudes:            3
   data points in all amplitudes:            3
   print requests:            1
   transformations:            0
   property cards:            0


 STEP            1

 *WARNING reading *STEP: parameter not recognized:
          NAME=REFERENCE_STATIC_2G
 *WARNING reading *STEP. Card image:
          *STEP,NAME=REFERENCE_STATIC_2G

 *WARNING reading *STATIC:
          the minimum increment    0.0000000000000000
          is smaller then 1.e-6 times the
          step time;
          the minimum increment is changed
          to    9.9999999999999995E-007
          which is the minimum of the initial
          increment time and 1.e-6 times the step time

 Static analysis was selected

 Decascading the MPC's

 Determining the structure of the matrix:
 Using up to 1 cpu(s) for setting up the structure of the matrix.
 number of equations
 43248
 number of nonzero lower triangular matrix elements
 1175088

 Using up to 1 cpu(s) for the stress calculation.

 Using up to 1 cpu(s) for the symmetric stiffness/mass contributions.

 Factoring the system of equations using the symmetric spooles solver
 Using up to 1 cpu(s) for spooles.

 Using up to 1 cpu(s) for the stress calculation.


 STEP            2

 *WARNING reading *STEP: parameter not recognized:
          NAME=BUCKLE_FROM_REFERENCE_2G
 *WARNING reading *STEP. Card image:
          *STEP,NAME=BUCKLE_FROM_REFERENCE_2G

 Buckling analysis was selected

 Determining the structure of the matrix:
 Using up to 1 cpu(s) for setting up the structure of the matrix.
 number of equations
 43248
 number of nonzero lower triangular matrix elements
 1175088

 Using up to 1 cpu(s) for the stress calculation.

 Using up to 1 cpu(s) for the symmetric stiffness/mass contributions.

 Factoring the system of equations using the symmetric spooles solver
 Using up to 1 cpu(s) for spooles.

 Using up to 1 cpu(s) for the stress calculation.

 Using up to 1 cpu(s) for the symmetric stiffness/mass contributions.

 Factoring the system of equations using the symmetric spooles solver
 Using up to 1 cpu(s) for spooles.

 Calculating the buckling factors and buckling modes:

sigma=1.000000,d[0]=0.824145

 Using up to 1 cpu(s) for the stress calculation.

 Using up to 1 cpu(s) for the stress calculation.

 Using up to 1 cpu(s) for the stress calculation.

 Using up to 1 cpu(s) for the stress calculation.

 Using up to 1 cpu(s) for the stress calculation.

 Using up to 1 cpu(s) for the stress calculation.

 Using up to 1 cpu(s) for the stress calculation.

 Using up to 1 cpu(s) for the stress calculation.

 Using up to 1 cpu(s) for the stress calculation.

 Using up to 1 cpu(s) for the stress calculation.


 Job finished

________________________________________

Total CalculiX Time: 1.925757
________________________________________
===== stderr =====
