    1C
    1UUSER                                                              
    1UDATE              08.may.2026                                     
    1UTIME              15:19:27                                        
    1UHOST                                                              
    1UPGM               CalculiX                                        
    1UVERSION           Version 2.23                             
    1UCOMPILETIME       Sun Oct 19 18:23:34 CEST 2025                    
    1UDIR                                                               
    1UDBN                                                               
    1UMAT    1CARBON_FIBER_HM_MAIN                                      
    1UMAT    2CARBON_FIBER_HM_REAR                                      
    2C                           238                                     1
 -1         1 3.14193E-01 8.57728E-23 7.14391E-02
 -1         2 3.13078E-01 1.45474E-01 7.53225E-02
 -1         3 3.11963E-01 2.90949E-01 7.92058E-02
 -1         4 3.10841E-01 4.36426E-01 8.31100E-02
 -1         5 3.09719E-01 5.81903E-01 8.70141E-02
 -1         6 3.08595E-01 7.27383E-01 9.09187E-02
 -1         7 3.07470E-01 8.72863E-01 9.48233E-02
 -1         8 3.06366E-01 1.01835E+00 9.86967E-02
 -1         9 3.05261E-01 1.16383E+00 1.02570E-01
 -1        10 3.04243E-01 1.30932E+00 1.06370E-01
 -1        11 3.03225E-01 1.45481E+00 1.10169E-01
 -1        12 3.02083E-01 1.60030E+00 1.13921E-01
 -1        13 3.00941E-01 1.74579E+00 1.17674E-01
 -1        14 2.99674E-01 1.89128E+00 1.21477E-01
 -1        15 2.98407E-01 2.03677E+00 1.25281E-01
 -1        16 2.97256E-01 2.18226E+00 1.29135E-01
 -1        17 2.96106E-01 2.32776E+00 1.32989E-01
 -1        18 2.95048E-01 2.47325E+00 1.36883E-01
 -1        19 2.93989E-01 2.61875E+00 1.40777E-01
 -1        20 2.92788E-01 2.76426E+00 1.46250E-01
 -1        21 2.91587E-01 2.90977E+00 1.51722E-01
 -1        22 2.90362E-01 3.05530E+00 1.58488E-01
 -1        23 2.89138E-01 3.20083E+00 1.65254E-01
 -1        24 2.88026E-01 3.34637E+00 1.72055E-01
 -1        25 2.86913E-01 3.49191E+00 1.78857E-01
 -1        26 2.85784E-01 3.63746E+00 1.85626E-01
 -1        27 2.84655E-01 3.78300E+00 1.92396E-01
 -1        28 2.83522E-01 3.92857E+00 1.99055E-01
 -1        29 2.82388E-01 4.07413E+00 2.05715E-01
 -1        30 2.81369E-01 4.21971E+00 2.12176E-01
 -1        31 2.80350E-01 4.36529E+00 2.18637E-01
 -1        32 2.79175E-01 4.51089E+00 2.24822E-01
 -1        33 2.78001E-01 4.65648E+00 2.31007E-01
 -1        34 2.76650E-01 4.80209E+00 2.36886E-01
 -1        35 2.75299E-01 4.94771E+00 2.42765E-01
 -1        36 2.74094E-01 5.09335E+00 2.48269E-01
 -1        37 2.72890E-01 5.23899E+00 2.53773E-01
 -1        38 2.71773E-01 5.38465E+00 2.58824E-01
 -1        39 2.70656E-01 5.53032E+00 2.63875E-01
 -1        40 2.69577E-01 5.67601E+00 2.68386E-01
 -1        41 2.68498E-01 5.82171E+00 2.72896E-01
 -1        42 2.67281E-01 5.96748E+00 2.77996E-01
 -1        43 2.66064E-01 6.11325E+00 2.83097E-01
 -1        44 2.64644E-01 6.25915E+00 2.89802E-01
 -1        45 2.63224E-01 6.40505E+00 2.96507E-01
 -1        46 2.62112E-01 6.55101E+00 3.02430E-01
 -1        47 2.61000E-01 6.69697E+00 3.08352E-01
 -1        48 2.59864E-01 6.84300E+00 3.13337E-01
 -1        49 2.58727E-01 6.98904E+00 3.18321E-01
 -1        50 2.57530E-01 7.13515E+00 3.22204E-01
 -1        51 2.56332E-01 7.28126E+00 3.26087E-01
 -1        52 2.55191E-01 7.42746E+00 3.28695E-01
 -1        53 2.54050E-01 7.57365E+00 3.31303E-01
 -1        54 2.52848E-01 7.71994E+00 3.32433E-01
 -1        55 2.51646E-01 7.86622E+00 3.33564E-01
 -1        56 2.50333E-01 8.01259E+00 3.33432E-01
 -1        57 2.49019E-01 8.15895E+00 3.33300E-01
 -1        58 2.47792E-01 8.30540E+00 3.32092E-01
 -1        59 2.46566E-01 8.45185E+00 3.30885E-01
 -1        60 2.45443E-01 8.59836E+00 3.28778E-01
 -1        61 2.44321E-01 8.74488E+00 3.26671E-01
 -1        62 2.43065E-01 8.89156E+00 3.25107E-01
 -1        63 2.41810E-01 9.03824E+00 3.23543E-01
 -1        64 2.40257E-01 9.18522E+00 3.24170E-01
 -1        65 2.38704E-01 9.33219E+00 3.24798E-01
 -1        66 2.37533E-01 9.47923E+00 3.25044E-01
 -1        67 2.36361E-01 9.62627E+00 3.25289E-01
 -1        68 2.35153E-01 9.77336E+00 3.25237E-01
 -1        69 2.33944E-01 9.92046E+00 3.25184E-01
 -1        70 2.32606E-01 1.00676E+01 3.24910E-01
 -1        71 2.31268E-01 1.02147E+01 3.24635E-01
 -1        72 2.29758E-01 1.03619E+01 3.24206E-01
 -1        73 2.28248E-01 1.05091E+01 3.23776E-01
 -1        74 2.27035E-01 1.06564E+01 3.22926E-01
 -1        75 2.25823E-01 1.08036E+01 3.22076E-01
 -1        76 2.24803E-01 1.09510E+01 3.20670E-01
 -1        77 2.23782E-01 1.10983E+01 3.19265E-01
 -1        78 2.22506E-01 1.12457E+01 3.17504E-01
 -1        79 2.21229E-01 1.13931E+01 3.15742E-01
 -1        80 2.19909E-01 1.15405E+01 3.13806E-01
 -1        81 2.18589E-01 1.16880E+01 3.11869E-01
 -1        82 2.17404E-01 1.18355E+01 3.09926E-01
 -1        83 2.16219E-01 1.19830E+01 3.07982E-01
 -1        84 2.14625E-01 1.21307E+01 3.08930E-01
 -1        85 2.13032E-01 1.22785E+01 3.09878E-01
 -1        86 2.11625E-01 1.24265E+01 3.12314E-01
 -1        87 2.10218E-01 1.25744E+01 3.14751E-01
 -1        88 2.08912E-01 1.27224E+01 3.17561E-01
 -1        89 2.07606E-01 1.28703E+01 3.20370E-01
 -1        90 2.06081E-01 1.30183E+01 3.23585E-01
 -1        91 2.04555E-01 1.31663E+01 3.26800E-01
 -1        92 2.02351E-01 1.33142E+01 3.30442E-01
 -1        93 2.00147E-01 1.34622E+01 3.34085E-01
 -1        94 1.98961E-01 1.36103E+01 3.37933E-01
 -1        95 1.97775E-01 1.37583E+01 3.41781E-01
 -1        96 1.97383E-01 1.39064E+01 3.45730E-01
 -1        97 1.96991E-01 1.40546E+01 3.49679E-01
 -1        98 1.95289E-01 1.42029E+01 3.55613E-01
 -1        99 1.93587E-01 1.43512E+01 3.61546E-01
 -1       100 1.91922E-01 1.44996E+01 3.68962E-01
 -1       101 1.90257E-01 1.46481E+01 3.76378E-01
 -1       102 1.88853E-01 1.47965E+01 3.84317E-01
 -1       103 1.87450E-01 1.49450E+01 3.92256E-01
 -1       104 1.85974E-01 1.50935E+01 4.00794E-01
 -1       105 1.84499E-01 1.52420E+01 4.09332E-01
 -1       106 1.83034E-01 1.53904E+01 4.18526E-01
 -1       107 1.81570E-01 1.55389E+01 4.27720E-01
 -1       108 1.79763E-01 1.56876E+01 4.39294E-01
 -1       109 1.77956E-01 1.58362E+01 4.50867E-01
 -1       110 1.76363E-01 1.59849E+01 4.63385E-01
 -1       111 1.74770E-01 1.61336E+01 4.75903E-01
 -1       112 1.73188E-01 1.62823E+01 4.89187E-01
 -1       113 1.71606E-01 1.64310E+01 5.02470E-01
 -1       114 1.69384E-01 1.65798E+01 5.17695E-01
 -1       115 1.67162E-01 1.67286E+01 5.32920E-01
 -1       116 1.65122E-01 1.68775E+01 5.48994E-01
 -1       117 1.63081E-01 1.70263E+01 5.65068E-01
 -1       118 1.61103E-01 1.71752E+01 5.81926E-01
 -1       119 1.59124E-01 1.73240E+01 5.98785E-01
 -1       120 8.79741E-01 8.57728E-23 6.51859E-02
 -1       121 8.76529E-01 1.45474E-01 6.60629E-02
 -1       122 8.73316E-01 2.90949E-01 6.69399E-02
 -1       123 8.70139E-01 4.36426E-01 6.34028E-02
 -1       124 8.66961E-01 5.81903E-01 5.98657E-02
 -1       125 8.63807E-01 7.27383E-01 5.48064E-02
 -1       126 8.60652E-01 8.72863E-01 4.97470E-02
 -1       127 8.57492E-01 1.01835E+00 4.60684E-02
 -1       128 8.54332E-01 1.16383E+00 4.23898E-02
 -1       129 8.51212E-01 1.30932E+00 4.30061E-02
 -1       130 8.48091E-01 1.45481E+00 4.36225E-02
 -1       131 8.45127E-01 1.60030E+00 4.71474E-02
 -1       132 8.42164E-01 1.74579E+00 5.06722E-02
 -1       133 8.39014E-01 1.89128E+00 5.33308E-02
 -1       134 8.35864E-01 2.03677E+00 5.59893E-02
 -1       135 8.32677E-01 2.18226E+00 5.73032E-02
 -1       136 8.29491E-01 2.32776E+00 5.86171E-02
 -1       137 8.26358E-01 2.47325E+00 5.81194E-02
 -1       138 8.23225E-01 2.61875E+00 5.76217E-02
 -1       139 8.19970E-01 2.76426E+00 5.64664E-02
 -1       140 8.16716E-01 2.90977E+00 5.53112E-02
 -1       141 8.13442E-01 3.05530E+00 5.37092E-02
 -1       142 8.10168E-01 3.20083E+00 5.21073E-02
 -1       143 8.06935E-01 3.34637E+00 5.00205E-02
 -1       144 8.03702E-01 3.49191E+00 4.79337E-02
 -1       145 8.00434E-01 3.63746E+00 4.65763E-02
 -1       146 7.97165E-01 3.78300E+00 4.52189E-02
 -1       147 7.93926E-01 3.92857E+00 4.58181E-02
 -1       148 7.90687E-01 4.07413E+00 4.64173E-02
 -1       149 7.87643E-01 4.21971E+00 5.02132E-02
 -1       150 7.84599E-01 4.36529E+00 5.40091E-02
 -1       151 7.81408E-01 4.51089E+00 6.06852E-02
 -1       152 7.78217E-01 4.65648E+00 6.73613E-02
 -1       153 7.74769E-01 4.80209E+00 7.49765E-02
 -1       154 7.71321E-01 4.94771E+00 8.25918E-02
 -1       155 7.68103E-01 5.09335E+00 9.00890E-02
 -1       156 7.64885E-01 5.23899E+00 9.75861E-02
 -1       157 7.61642E-01 5.38465E+00 1.03922E-01
 -1       158 7.58398E-01 5.53032E+00 1.10257E-01
 -1       159 7.55162E-01 5.67601E+00 1.14401E-01
 -1       160 7.51925E-01 5.82171E+00 1.18545E-01
 -1       161 7.48597E-01 5.96748E+00 1.20702E-01
 -1       162 7.45269E-01 6.11325E+00 1.22859E-01
 -1       163 7.41783E-01 6.25915E+00 1.23905E-01
 -1       164 7.38298E-01 6.40505E+00 1.24951E-01
 -1       165 7.34983E-01 6.55101E+00 1.23827E-01
 -1       166 7.31668E-01 6.69697E+00 1.22702E-01
 -1       167 7.28253E-01 6.84300E+00 1.20597E-01
 -1       168 7.24838E-01 6.98904E+00 1.18493E-01
 -1       169 7.21462E-01 7.13515E+00 1.16615E-01
 -1       170 7.18086E-01 7.28126E+00 1.14738E-01
 -1       171 7.14997E-01 7.42746E+00 1.14313E-01
 -1       172 7.11909E-01 7.57365E+00 1.13889E-01
 -1       173 7.08063E-01 7.71994E+00 1.15640E-01
 -1       174 7.04217E-01 7.86622E+00 1.17390E-01
 -1       175 7.00395E-01 8.01259E+00 1.20182E-01
 -1       176 6.96573E-01 8.15895E+00 1.22974E-01
 -1       177 6.93335E-01 8.30540E+00 1.25414E-01
 -1       178 6.90097E-01 8.45185E+00 1.27853E-01
 -1       179 6.86741E-01 8.59836E+00 1.28565E-01
 -1       180 6.83384E-01 8.74488E+00 1.29276E-01
 -1       181 6.79876E-01 8.89156E+00 1.28194E-01
 -1       182 6.76368E-01 9.03824E+00 1.27111E-01
 -1       183 6.72640E-01 9.18522E+00 1.25234E-01
 -1       184 6.68911E-01 9.33219E+00 1.23357E-01
 -1       185 6.65416E-01 9.47923E+00 1.19209E-01
 -1       186 6.61922E-01 9.62627E+00 1.15060E-01
 -1       187 6.58288E-01 9.77336E+00 1.09890E-01
 -1       188 6.54655E-01 9.92046E+00 1.04719E-01
 -1       189 6.51017E-01 1.00676E+01 9.97987E-02
 -1       190 6.47379E-01 1.02147E+01 9.48784E-02
 -1       191 6.43670E-01 1.03619E+01 9.15041E-02
 -1       192 6.39962E-01 1.05091E+01 8.81298E-02
 -1       193 6.35944E-01 1.06564E+01 8.69749E-02
 -1       194 6.31925E-01 1.08036E+01 8.58200E-02
 -1       195 6.28301E-01 1.09510E+01 8.60244E-02
 -1       196 6.24677E-01 1.10983E+01 8.62288E-02
 -1       197 6.21121E-01 1.12457E+01 8.69265E-02
 -1       198 6.17565E-01 1.13931E+01 8.76242E-02
 -1       199 6.13951E-01 1.15405E+01 8.79690E-02
 -1       200 6.10337E-01 1.16880E+01 8.83138E-02
 -1       201 6.06797E-01 1.18355E+01 8.74791E-02
 -1       202 6.03256E-01 1.19830E+01 8.66445E-02
 -1       203 5.99269E-01 1.21307E+01 8.66518E-02
 -1       204 5.95282E-01 1.22785E+01 8.66591E-02
 -1       205 5.91418E-01 1.24265E+01 8.63692E-02
 -1       206 5.87554E-01 1.25744E+01 8.60793E-02
 -1       207 5.83696E-01 1.27224E+01 8.52161E-02
 -1       208 5.79838E-01 1.28703E+01 8.43530E-02
 -1       209 5.75817E-01 1.30183E+01 8.38587E-02
 -1       210 5.71795E-01 1.31663E+01 8.33644E-02
 -1       211 5.66953E-01 1.33142E+01 8.42021E-02
 -1       212 5.62111E-01 1.34622E+01 8.50397E-02
 -1       213 5.58998E-01 1.36103E+01 8.76258E-02
 -1       214 5.55885E-01 1.37583E+01 9.02119E-02
 -1       215 5.53162E-01 1.39064E+01 9.41978E-02
 -1       216 5.50439E-01 1.40546E+01 9.81838E-02
 -1       217 5.45830E-01 1.42029E+01 1.05192E-01
 -1       218 5.41220E-01 1.43512E+01 1.12200E-01
 -1       219 5.36940E-01 1.44996E+01 1.21499E-01
 -1       220 5.32660E-01 1.46481E+01 1.30799E-01
 -1       221 5.28563E-01 1.47965E+01 1.41234E-01
 -1       222 5.24467E-01 1.49450E+01 1.51668E-01
 -1       223 5.20261E-01 1.50935E+01 1.63149E-01
 -1       224 5.16055E-01 1.52420E+01 1.74629E-01
 -1       225 5.11883E-01 1.53904E+01 1.87076E-01
 -1       226 5.07712E-01 1.55389E+01 1.99523E-01
 -1       227 5.02952E-01 1.56876E+01 2.14429E-01
 -1       228 4.98192E-01 1.58362E+01 2.29336E-01
 -1       229 4.93598E-01 1.59849E+01 2.45299E-01
 -1       230 4.89004E-01 1.61336E+01 2.61263E-01
 -1       231 4.84441E-01 1.62823E+01 2.78065E-01
 -1       232 4.79878E-01 1.64310E+01 2.94867E-01
 -1       233 4.73861E-01 1.65798E+01 3.13561E-01
 -1       234 4.67843E-01 1.67286E+01 3.32255E-01
 -1       235 4.62049E-01 1.68775E+01 3.51814E-01
 -1       236 4.56255E-01 1.70263E+01 3.71373E-01
 -1       237 4.50708E-01 1.71752E+01 3.91726E-01
 -1       238 4.45161E-01 1.73240E+01 4.12080E-01
 -3
    3C                           118                                     1
 -1         1   12    0    1
 -2         1         3         2
 -1         2   12    0    1
 -2         3         5         4
 -1         3   12    0    1
 -2         5         7         6
 -1         4   12    0    1
 -2         7         9         8
 -1         5   12    0    1
 -2         9        11        10
 -1         6   12    0    1
 -2        11        13        12
 -1         7   12    0    1
 -2        13        15        14
 -1         8   12    0    1
 -2        15        17        16
 -1         9   12    0    1
 -2        17        19        18
 -1        10   12    0    1
 -2        19        21        20
 -1        11   12    0    1
 -2        21        23        22
 -1        12   12    0    1
 -2        23        25        24
 -1        13   12    0    1
 -2        25        27        26
 -1        14   12    0    1
 -2        27        29        28
 -1        15   12    0    1
 -2        29        31        30
 -1        16   12    0    1
 -2        31        33        32
 -1        17   12    0    1
 -2        33        35        34
 -1        18   12    0    1
 -2        35        37        36
 -1        19   12    0    1
 -2        37        39        38
 -1        20   12    0    1
 -2        39        41        40
 -1        21   12    0    1
 -2        41        43        42
 -1        22   12    0    1
 -2        43        45        44
 -1        23   12    0    1
 -2        45        47        46
 -1        24   12    0    1
 -2        47        49        48
 -1        25   12    0    1
 -2        49        51        50
 -1        26   12    0    1
 -2        51        53        52
 -1        27   12    0    1
 -2        53        55        54
 -1        28   12    0    1
 -2        55        57        56
 -1        29   12    0    1
 -2        57        59        58
 -1        30   12    0    1
 -2        59        61        60
 -1        31   12    0    1
 -2        61        63        62
 -1        32   12    0    1
 -2        63        65        64
 -1        33   12    0    1
 -2        65        67        66
 -1        34   12    0    1
 -2        67        69        68
 -1        35   12    0    1
 -2        69        71        70
 -1        36   12    0    1
 -2        71        73        72
 -1        37   12    0    1
 -2        73        75        74
 -1        38   12    0    1
 -2        75        77        76
 -1        39   12    0    1
 -2        77        79        78
 -1        40   12    0    1
 -2        79        81        80
 -1        41   12    0    1
 -2        81        83        82
 -1        42   12    0    1
 -2        83        85        84
 -1        43   12    0    1
 -2        85        87        86
 -1        44   12    0    1
 -2        87        89        88
 -1        45   12    0    1
 -2        89        91        90
 -1        46   12    0    1
 -2        91        93        92
 -1        47   12    0    1
 -2        93        95        94
 -1        48   12    0    1
 -2        95        97        96
 -1        49   12    0    1
 -2        97        99        98
 -1        50   12    0    1
 -2        99       101       100
 -1        51   12    0    1
 -2       101       103       102
 -1        52   12    0    1
 -2       103       105       104
 -1        53   12    0    1
 -2       105       107       106
 -1        54   12    0    1
 -2       107       109       108
 -1        55   12    0    1
 -2       109       111       110
 -1        56   12    0    1
 -2       111       113       112
 -1        57   12    0    1
 -2       113       115       114
 -1        58   12    0    1
 -2       115       117       116
 -1        59   12    0    1
 -2       117       119       118
 -1        60   12    0    2
 -2       120       122       121
 -1        61   12    0    2
 -2       122       124       123
 -1        62   12    0    2
 -2       124       126       125
 -1        63   12    0    2
 -2       126       128       127
 -1        64   12    0    2
 -2       128       130       129
 -1        65   12    0    2
 -2       130       132       131
 -1        66   12    0    2
 -2       132       134       133
 -1        67   12    0    2
 -2       134       136       135
 -1        68   12    0    2
 -2       136       138       137
 -1        69   12    0    2
 -2       138       140       139
 -1        70   12    0    2
 -2       140       142       141
 -1        71   12    0    2
 -2       142       144       143
 -1        72   12    0    2
 -2       144       146       145
 -1        73   12    0    2
 -2       146       148       147
 -1        74   12    0    2
 -2       148       150       149
 -1        75   12    0    2
 -2       150       152       151
 -1        76   12    0    2
 -2       152       154       153
 -1        77   12    0    2
 -2       154       156       155
 -1        78   12    0    2
 -2       156       158       157
 -1        79   12    0    2
 -2       158       160       159
 -1        80   12    0    2
 -2       160       162       161
 -1        81   12    0    2
 -2       162       164       163
 -1        82   12    0    2
 -2       164       166       165
 -1        83   12    0    2
 -2       166       168       167
 -1        84   12    0    2
 -2       168       170       169
 -1        85   12    0    2
 -2       170       172       171
 -1        86   12    0    2
 -2       172       174       173
 -1        87   12    0    2
 -2       174       176       175
 -1        88   12    0    2
 -2       176       178       177
 -1        89   12    0    2
 -2       178       180       179
 -1        90   12    0    2
 -2       180       182       181
 -1        91   12    0    2
 -2       182       184       183
 -1        92   12    0    2
 -2       184       186       185
 -1        93   12    0    2
 -2       186       188       187
 -1        94   12    0    2
 -2       188       190       189
 -1        95   12    0    2
 -2       190       192       191
 -1        96   12    0    2
 -2       192       194       193
 -1        97   12    0    2
 -2       194       196       195
 -1        98   12    0    2
 -2       196       198       197
 -1        99   12    0    2
 -2       198       200       199
 -1       100   12    0    2
 -2       200       202       201
 -1       101   12    0    2
 -2       202       204       203
 -1       102   12    0    2
 -2       204       206       205
 -1       103   12    0    2
 -2       206       208       207
 -1       104   12    0    2
 -2       208       210       209
 -1       105   12    0    2
 -2       210       212       211
 -1       106   12    0    2
 -2       212       214       213
 -1       107   12    0    2
 -2       214       216       215
 -1       108   12    0    2
 -2       216       218       217
 -1       109   12    0    2
 -2       218       220       219
 -1       110   12    0    2
 -2       220       222       221
 -1       111   12    0    2
 -2       222       224       223
 -1       112   12    0    2
 -2       224       226       225
 -1       113   12    0    2
 -2       226       228       227
 -1       114   12    0    2
 -2       228       230       229
 -1       115   12    0    2
 -2       230       232       231
 -1       116   12    0    2
 -2       232       234       233
 -1       117   12    0    2
 -2       234       236       235
 -1       118   12    0    2
 -2       236       238       237
 -3
    1PSTEP                         1           1           1          
  100CL  101 1.000000000         238                     0    1           1
 -4  DISP        4    1
 -5  D1          1    2    1    0
 -5  D2          1    2    2    0
 -5  D3          1    2    3    0
 -5  ALL         1    2    0    0    1ALL
 -1         1 0.00000E+00-6.61744E-24-5.29396E-23
 -1         2-1.16247E-05 2.23077E-06 7.85684E-05
 -1         3-4.58648E-05 2.79830E-07 3.07164E-04
 -1         4-1.01961E-04-5.65347E-06 6.76861E-04
 -1         5-1.77692E-04-1.50271E-05 1.16862E-03
 -1         6-2.70568E-04-2.72364E-05 1.76179E-03
 -1         7-3.78487E-04-4.18780E-05 2.44030E-03
 -1         8-4.99423E-04-5.83140E-05 3.18905E-03
 -1         9-6.31226E-04-7.63771E-05 3.99410E-03
 -1        10-7.71717E-04-9.50059E-05 4.84190E-03
 -1        11-9.18662E-04-1.14571E-04 5.72086E-03
 -1        12-1.06999E-03-1.38219E-04 6.61915E-03
 -1        13-1.22519E-03-1.62079E-04 7.52145E-03
 -1        14-1.38394E-03-1.85993E-04 8.41213E-03
 -1        15-1.54592E-03-2.09321E-04 9.27748E-03
 -1        16-1.71081E-03-2.31802E-04 1.01043E-02
 -1        17-1.87827E-03-2.53014E-04 1.08811E-02
 -1        18-2.04796E-03-2.72688E-04 1.15971E-02
 -1        19-2.21952E-03-2.90545E-04 1.22433E-02
 -1        20-2.39263E-03-3.12630E-04 1.28112E-02
 -1        21-2.56694E-03-3.31541E-04 1.32942E-02
 -1        22-2.74215E-03-3.50558E-04 1.36865E-02
 -1        23-2.91790E-03-3.65157E-04 1.39840E-02
 -1        24-3.09389E-03-3.75112E-04 1.41833E-02
 -1        25-3.26974E-03-3.80400E-04 1.42828E-02
 -1        26-3.44513E-03-3.80990E-04 1.42814E-02
 -1        27-3.61970E-03-3.76912E-04 1.41797E-02
 -1        28-3.79311E-03-3.68375E-04 1.39789E-02
 -1        29-3.96500E-03-3.55433E-04 1.36819E-02
 -1        30-4.13504E-03-3.38607E-04 1.32921E-02
 -1        31-4.30284E-03-3.17891E-04 1.28147E-02
 -1        32-4.46808E-03-2.95557E-04 1.22549E-02
 -1        33-4.63077E-03-2.69956E-04 1.16184E-02
 -1        34-4.79097E-03-2.42972E-04 1.09106E-02
 -1        35-4.94872E-03-2.13404E-04 1.01391E-02
 -1        36-5.10406E-03-1.83531E-04 9.31172E-03
 -1        37-5.25705E-03-1.51904E-04 8.43821E-03
 -1        38-5.40773E-03-1.21627E-04 7.52853E-03
 -1        39-5.55616E-03-9.05033E-05 6.59471E-03
 -1        40-5.70237E-03-6.24200E-05 5.64885E-03
 -1        41-5.84643E-03-3.43959E-05 4.70520E-03
 -1        42-5.98851E-03-3.25166E-06 3.77779E-03
 -1        43-6.12853E-03 2.67547E-05 2.88331E-03
 -1        44-6.26675E-03 6.41623E-05 2.03767E-03
 -1        45-6.40300E-03 9.84246E-05 1.26007E-03
 -1        46-6.53734E-03 1.25312E-04 5.68995E-04
 -1        47-6.66979E-03 1.47833E-04-1.47078E-05
 -1        48-6.80044E-03 1.62231E-04-4.70323E-04
 -1        49-6.92931E-03 1.71465E-04-7.74906E-04
 -1        50-7.05650E-03 1.73752E-04-9.05453E-04
 -1        51-7.18202E-03 1.70747E-04-8.37026E-04
 -1        52-7.30601E-03 1.64385E-04-5.44208E-04
 -1        53-7.42845E-03 1.53549E-04 1.05879E-22
 -1        54-7.54947E-03 1.47019E-04 8.17149E-04
 -1        55-7.66855E-03 1.38681E-04 1.87659E-03
 -1        56-7.78536E-03 1.39544E-04 3.14269E-03
 -1        57-7.89930E-03 1.40631E-04 4.57995E-03
 -1        58-8.01008E-03 1.53475E-04 6.15457E-03
 -1        59-8.11708E-03 1.67240E-04 7.83264E-03
 -1        60-8.21996E-03 1.92398E-04 9.58198E-03
 -1        61-8.31808E-03 2.18183E-04 1.13703E-02
 -1        62-8.41100E-03 2.37372E-04 1.31685E-02
 -1        63-8.49820E-03 2.56379E-04 1.49448E-02
 -1        64-8.57913E-03 2.48946E-04 1.66734E-02
 -1        65-8.65343E-03 2.41957E-04 1.83233E-02
 -1        66-8.72075E-03 2.39668E-04 1.98678E-02
 -1        67-8.78054E-03 2.37670E-04 2.12804E-02
 -1        68-8.83232E-03 2.38522E-04 2.25359E-02
 -1        69-8.87564E-03 2.39382E-04 2.36111E-02
 -1        70-8.91002E-03 2.41529E-04 2.44826E-02
 -1        71-8.93483E-03 2.43328E-04 2.51239E-02
 -1        72-8.94958E-03 2.45142E-04 2.55117E-02
 -1        73-8.95443E-03 2.46290E-04 2.56412E-02
 -1        74-8.95597E-03 2.47213E-04 2.57330E-02
 -1        75-8.96037E-03 2.49060E-04 2.59910E-02
 -1        76-8.96795E-03 2.53620E-04 2.64266E-02
 -1        77-8.97908E-03 2.59966E-04 2.70534E-02
 -1        78-8.99345E-03 2.69791E-04 2.78481E-02
 -1        79-9.01050E-03 2.81177E-04 2.87753E-02
 -1        80-9.02969E-03 2.94901E-04 2.97990E-02
 -1        81-9.05050E-03 3.09477E-04 3.08887E-02
 -1        82-9.07244E-03 3.24610E-04 3.20158E-02
 -1        83-9.09499E-03 3.39865E-04 3.31528E-02
 -1        84-9.11746E-03 3.32881E-04 3.42753E-02
 -1        85-9.13955E-03 3.26161E-04 3.53575E-02
 -1        86-9.16074E-03 3.09612E-04 3.63776E-02
 -1        87-9.18062E-03 2.94465E-04 3.73140E-02
 -1        88-9.19867E-03 2.78947E-04 3.81472E-02
 -1        89-9.21443E-03 2.65730E-04 3.88604E-02
 -1        90-9.22739E-03 2.53524E-04 3.94372E-02
 -1        91-9.23703E-03 2.44696E-04 3.98604E-02
 -1        92-9.24288E-03 2.38799E-04 4.01150E-02
 -1        93-9.24485E-03 2.37162E-04 4.01994E-02
 -1        94-9.24483E-03 2.35176E-04 4.02759E-02
 -1        95-9.24478E-03 2.29553E-04 4.04928E-02
 -1        96-9.24469E-03 2.19273E-04 4.08783E-02
 -1        97-9.24455E-03 2.03708E-04 4.14630E-02
 -1        98-9.24426E-03 1.73057E-04 4.22296E-02
 -1        99-9.24390E-03 1.36309E-04 4.31486E-02
 -1       100-9.24338E-03 8.42347E-05 4.41915E-02
 -1       101-9.24282E-03 2.71355E-05 4.53348E-02
 -1       102-9.24217E-03-3.82845E-05 4.65585E-02
 -1       103-9.24149E-03-1.07026E-04 4.78443E-02
 -1       104-9.24073E-03-1.83560E-04 4.91755E-02
 -1       105-9.23995E-03-2.61919E-04 5.05383E-02
 -1       106-9.23910E-03-3.47508E-04 5.19208E-02
 -1       107-9.23825E-03-4.33732E-04 5.33135E-02
 -1       108-9.23717E-03-5.42439E-04 5.47101E-02
 -1       109-9.23609E-03-6.50894E-04 5.61034E-02
 -1       110-9.23493E-03-7.67574E-04 5.74894E-02
 -1       111-9.23378E-03-8.83481E-04 5.88662E-02
 -1       112-9.23257E-03-1.00560E-03 6.02333E-02
 -1       113-9.23137E-03-1.12701E-03 6.15923E-02
 -1       114-9.23000E-03-1.26556E-03 6.29469E-02
 -1       115-9.22864E-03-1.40367E-03 6.42972E-02
 -1       116-9.22721E-03-1.54920E-03 6.56450E-02
 -1       117-9.22577E-03-1.69456E-03 6.69912E-02
 -1       118-9.22427E-03-1.84692E-03 6.83367E-02
 -1       119-9.22277E-03-1.99925E-03 6.96818E-02
 -1       120 3.30872E-23 6.20385E-25-2.97785E-23
 -1       121-1.38977E-05-1.68543E-05 1.19905E-04
 -1       122-5.41340E-05-3.50671E-05 3.70120E-04
 -1       123-1.17577E-04-4.62103E-05 6.20484E-04
 -1       124-1.99940E-04-5.78173E-05 8.67741E-04
 -1       125-2.97394E-04-6.58555E-05 1.15363E-03
 -1       126-4.07226E-04-6.94330E-05 1.57408E-03
 -1       127-5.26914E-04-7.13975E-05 2.22641E-03
 -1       128-6.53798E-04-6.63649E-05 3.15882E-03
 -1       129-7.84512E-04-9.01719E-05 4.37169E-03
 -1       130-9.18662E-04-1.14571E-04 5.72086E-03
 -1       131-1.05541E-03-1.52151E-04 7.05187E-03
 -1       132-1.19618E-03-1.88179E-04 8.31864E-03
 -1       133-1.34233E-03-2.15515E-04 9.50111E-03
 -1       134-1.49386E-03-2.41049E-04 1.05823E-02
 -1       135-1.65087E-03-2.55755E-04 1.15475E-02
 -1       136-1.81278E-03-2.69380E-04 1.23875E-02
 -1       137-1.97956E-03-2.73095E-04 1.30965E-02
 -1       138-2.15089E-03-2.77300E-04 1.36767E-02
 -1       139-2.32675E-03-2.80157E-04 1.41330E-02
 -1       140-2.50631E-03-2.83984E-04 1.44720E-02
 -1       141-2.68868E-03-2.88109E-04 1.47013E-02
 -1       142-2.87277E-03-2.93352E-04 1.48289E-02
 -1       143-3.05761E-03-2.99504E-04 1.48635E-02
 -1       144-3.24236E-03-3.06812E-04 1.48150E-02
 -1       145-3.42624E-03-3.14633E-04 1.46919E-02
 -1       146-3.60830E-03-3.23045E-04 1.44974E-02
 -1       147-3.78754E-03-3.28477E-04 1.42304E-02
 -1       148-3.96320E-03-3.33445E-04 1.38779E-02
 -1       149-4.13478E-03-3.27620E-04 1.34191E-02
 -1       150-4.30284E-03-3.17891E-04 1.28147E-02
 -1       151-4.46827E-03-2.85328E-04 1.20334E-02
 -1       152-4.63097E-03-2.45512E-04 1.10961E-02
 -1       153-4.79103E-03-1.93503E-04 1.00361E-02
 -1       154-4.94855E-03-1.36693E-04 8.88604E-03
 -1       155-5.10372E-03-7.75602E-05 7.67788E-03
 -1       156-5.25652E-03-1.69262E-05 6.44211E-03
 -1       157-5.40682E-03 3.37789E-05 5.20786E-03
 -1       158-5.55471E-03 8.33155E-05 4.00220E-03
 -1       159-5.70002E-03 1.13221E-04 2.85032E-03
 -1       160-5.84293E-03 1.41035E-04 1.77449E-03
 -1       161-5.98342E-03 1.52702E-04 7.94724E-04
 -1       162-6.12166E-03 1.62751E-04-7.11489E-05
 -1       163-6.25788E-03 1.65154E-04-8.07784E-04
 -1       164-6.39230E-03 1.66583E-04-1.40089E-03
 -1       165-6.52532E-03 1.60566E-04-1.83858E-03
 -1       166-6.65699E-03 1.55860E-04-2.11185E-03
 -1       167-6.78758E-03 1.51723E-04-2.21334E-03
 -1       168-6.91717E-03 1.50169E-04-2.13796E-03
 -1       169-7.04600E-03 1.50869E-04-1.88146E-03
 -1       170-7.17420E-03 1.53951E-04-1.44120E-03
 -1       171-7.30167E-03 1.53471E-04-8.14611E-04
 -1       172-7.42845E-03 1.53549E-04-2.64698E-23
 -1       173-7.55330E-03 1.35332E-04 1.00092E-03
 -1       174-7.67444E-03 1.15220E-04 2.16739E-03
 -1       175-7.78882E-03 8.43585E-05 3.47376E-03
 -1       176-7.89411E-03 5.17279E-05 4.88476E-03
 -1       177-7.98887E-03 2.20245E-05 6.36450E-03
 -1       178-8.07496E-03-8.03187E-06 7.87654E-03
 -1       179-8.15582E-03-2.01871E-05 9.38823E-03
 -1       180-8.23283E-03-3.21350E-05 1.08746E-02
 -1       181-8.30832E-03-2.62516E-05 1.23179E-02
 -1       182-8.38225E-03-2.07381E-05 1.37064E-02
 -1       183-8.45517E-03-8.57754E-06 1.50364E-02
 -1       184-8.52543E-03 2.82378E-06 1.63016E-02
 -1       185-8.59259E-03 3.21594E-05 1.75035E-02
 -1       186-8.65619E-03 6.01580E-05 1.86550E-02
 -1       187-8.71704E-03 9.50321E-05 1.97746E-02
 -1       188-8.77441E-03 1.29660E-04 2.08847E-02
 -1       189-8.82763E-03 1.62959E-04 2.20091E-02
 -1       190-8.87612E-03 1.97515E-04 2.31674E-02
 -1       191-8.91863E-03 2.21179E-04 2.43765E-02
 -1       192-8.95443E-03 2.46290E-04 2.56412E-02
 -1       193-8.98168E-03 2.54625E-04 2.69625E-02
 -1       194-9.00072E-03 2.63575E-04 2.83333E-02
 -1       195-9.01120E-03 2.60073E-04 2.97444E-02
 -1       196-9.01476E-03 2.56708E-04 3.11803E-02
 -1       197-9.01274E-03 2.48634E-04 3.26243E-02
 -1       198-9.00703E-03 2.40710E-04 3.40558E-02
 -1       199-8.99947E-03 2.36338E-04 3.54544E-02
 -1       200-8.99150E-03 2.32106E-04 3.67978E-02
 -1       201-8.98507E-03 2.38147E-04 3.80651E-02
 -1       202-8.98157E-03 2.43567E-04 3.92359E-02
 -1       203-8.98230E-03 2.42206E-04 4.02922E-02
 -1       204-8.98785E-03 2.40720E-04 4.12068E-02
 -1       205-8.99843E-03 2.40621E-04 4.19547E-02
 -1       206-9.01443E-03 2.39995E-04 4.25085E-02
 -1       207-9.03648E-03 2.40075E-04 4.28413E-02
 -1       208-9.06507E-03 2.38529E-04 4.29265E-02
 -1       209-9.10063E-03 2.35639E-04 4.27364E-02
 -1       210-9.14322E-03 2.31528E-04 4.22408E-02
 -1       211-9.19226E-03 2.33345E-04 4.14077E-02
 -1       212-9.24485E-03 2.37162E-04 4.01994E-02
 -1       213-9.29845E-03 2.64178E-04 3.85879E-02
 -1       214-9.35223E-03 2.97889E-04 3.65930E-02
 -1       215-9.40666E-03 3.60102E-04 3.42439E-02
 -1       216-9.46136E-03 4.31055E-04 3.15697E-02
 -1       217-9.51779E-03 5.69951E-04 2.85929E-02
 -1       218-9.57460E-03 7.21711E-04 2.53438E-02
 -1       219-9.63313E-03 9.39223E-04 2.18445E-02
 -1       220-9.69208E-03 1.17075E-03 1.81215E-02
 -1       221-9.75217E-03 1.44487E-03 1.41975E-02
 -1       222-9.81265E-03 1.73160E-03 1.00941E-02
 -1       223-9.87424E-03 2.05943E-03 5.83160E-03
 -1       224-9.93617E-03 2.39808E-03 1.42917E-03
 -1       225-9.99917E-03 2.77557E-03-3.09520E-03
 -1       226-1.00625E-02 3.16189E-03-7.72490E-03
 -1       227-1.01281E-02 3.63362E-03-1.24505E-02
 -1       228-1.01940E-02 4.11296E-03-1.72520E-02
 -1       229-1.02611E-02 4.63320E-03-2.21168E-02
 -1       230-1.03283E-02 5.15891E-03-2.70326E-02
 -1       231-1.03965E-02 5.71691E-03-3.19888E-02
 -1       232-1.04647E-02 6.27843E-03-3.69761E-02
 -1       233-1.05349E-02 6.90569E-03-4.19928E-02
 -1       234-1.06051E-02 7.53499E-03-4.70258E-02
 -1       235-1.06761E-02 8.19498E-03-5.20695E-02
 -1       236-1.07472E-02 8.85579E-03-5.71194E-02
 -1       237-1.08190E-02 9.54400E-03-6.21721E-02
 -1       238-1.08909E-02 1.02324E-02-6.72261E-02
 -3
 9999
