===== ccx stdout =====

************************************************************

CalculiX Version 2.23, Copyright(C) 1998-2025 Guido Dhondt
CalculiX comes with ABSOLUTELY NO WARRANTY. This is free
software, and you are welcome to redistribute it under
certain conditions, see gpl.htm

************************************************************

You are using an executable made on Fri Apr 17 06:02:21 UTC 2026

  The numbers below are estimated upper bounds

  number of:

   nodes:         1694
   elements:           31
   one-dimensional elements:           31
   two-dimensional elements:            0
   integration points per element:            8
   degrees of freedom per node:            3
   layers per element:            2

   distributed facial loads:            0
   distributed volumetric loads:            0
   concentrated loads:           27
   single point constraints:         2664
   multiple point constraints:         3721
   terms in all multiple point constraints:        23809
   tie constraints:            0
   dependent nodes tied by cyclic constraints:            0
   dependent nodes in pre-tension constraints:            0

   sets:            7
   terms in all sets:           51

   materials:            4
   constants per material and temperature:            2
   temperature points per material:            1
   plastic data points per material:            0

   orientations:            0
   amplitudes:            2
   data points in all amplitudes:            2
   print requests:            2
   transformations:            0
   property cards:            0


 STEP            1

 *WARNING reading *STEP: parameter not recognized:
          NAME=LOCAL_TORQUE_ZONE_CALIBRATION
 *WARNING reading *STEP. Card image:
          *STEP,NAME=LOCAL_TORQUE_ZONE_CALIBRATION

 *WARNING reading *STATIC:
          the minimum increment    0.0000000000000000
          is smaller then 1.e-6 times the
          step time;
          the minimum increment is changed
          to    9.9999999999999995E-007
          which is the minimum of the initial
          increment time and 1.e-6 times the step time

 Static analysis was selected

 Decascading the MPC's

 Determining the structure of the matrix:
 Using up to 1 cpu(s) for setting up the structure of the matrix.
 number of equations
 371
 number of nonzero lower triangular matrix elements
 5089

 Using up to 1 cpu(s) for the stress calculation.

 Using up to 1 cpu(s) for the symmetric stiffness/mass contributions.

 Factoring the system of equations using the symmetric spooles solver
 Using up to 1 cpu(s) for spooles.

 Using up to 1 cpu(s) for the stress calculation.


 Job finished

________________________________________

Total CalculiX Time: 0.009619
________________________________________

===== ccx stderr =====
