    1C
    1UUSER                                                              
    1UDATE              08.may.2026                                     
    1UTIME              15:19:27                                        
    1UHOST                                                              
    1UPGM               CalculiX                                        
    1UVERSION           Version 2.23                             
    1UCOMPILETIME       Sun Oct 19 18:23:34 CEST 2025                    
    1UDIR                                                               
    1UDBN                                                               
    1UMAT    1CARBON_FIBER_HM_MAIN                                      
    1UMAT    2CARBON_FIBER_HM_REAR                                      
    2C                           238                                     1
 -1         1 3.14193E-01 8.57728E-23 7.14391E-02
 -1         2 3.13078E-01 1.45474E-01 7.53225E-02
 -1         3 3.11963E-01 2.90949E-01 7.92058E-02
 -1         4 3.10841E-01 4.36426E-01 8.31100E-02
 -1         5 3.09719E-01 5.81903E-01 8.70141E-02
 -1         6 3.08595E-01 7.27383E-01 9.09187E-02
 -1         7 3.07470E-01 8.72863E-01 9.48233E-02
 -1         8 3.06366E-01 1.01835E+00 9.86967E-02
 -1         9 3.05261E-01 1.16383E+00 1.02570E-01
 -1        10 3.04243E-01 1.30932E+00 1.06370E-01
 -1        11 3.03225E-01 1.45481E+00 1.10169E-01
 -1        12 3.02083E-01 1.60030E+00 1.13921E-01
 -1        13 3.00941E-01 1.74579E+00 1.17674E-01
 -1        14 2.99674E-01 1.89128E+00 1.21477E-01
 -1        15 2.98407E-01 2.03677E+00 1.25281E-01
 -1        16 2.97256E-01 2.18226E+00 1.29135E-01
 -1        17 2.96106E-01 2.32776E+00 1.32989E-01
 -1        18 2.95048E-01 2.47325E+00 1.36883E-01
 -1        19 2.93989E-01 2.61875E+00 1.40777E-01
 -1        20 2.92788E-01 2.76426E+00 1.46250E-01
 -1        21 2.91587E-01 2.90977E+00 1.51722E-01
 -1        22 2.90362E-01 3.05530E+00 1.58488E-01
 -1        23 2.89138E-01 3.20083E+00 1.65254E-01
 -1        24 2.88026E-01 3.34637E+00 1.72055E-01
 -1        25 2.86913E-01 3.49191E+00 1.78857E-01
 -1        26 2.85784E-01 3.63746E+00 1.85626E-01
 -1        27 2.84655E-01 3.78300E+00 1.92396E-01
 -1        28 2.83522E-01 3.92857E+00 1.99055E-01
 -1        29 2.82388E-01 4.07413E+00 2.05715E-01
 -1        30 2.81369E-01 4.21971E+00 2.12176E-01
 -1        31 2.80350E-01 4.36529E+00 2.18637E-01
 -1        32 2.79175E-01 4.51089E+00 2.24822E-01
 -1        33 2.78001E-01 4.65648E+00 2.31007E-01
 -1        34 2.76650E-01 4.80209E+00 2.36886E-01
 -1        35 2.75299E-01 4.94771E+00 2.42765E-01
 -1        36 2.74094E-01 5.09335E+00 2.48269E-01
 -1        37 2.72890E-01 5.23899E+00 2.53773E-01
 -1        38 2.71773E-01 5.38465E+00 2.58824E-01
 -1        39 2.70656E-01 5.53032E+00 2.63875E-01
 -1        40 2.69577E-01 5.67601E+00 2.68386E-01
 -1        41 2.68498E-01 5.82171E+00 2.72896E-01
 -1        42 2.67281E-01 5.96748E+00 2.77996E-01
 -1        43 2.66064E-01 6.11325E+00 2.83097E-01
 -1        44 2.64644E-01 6.25915E+00 2.89802E-01
 -1        45 2.63224E-01 6.40505E+00 2.96507E-01
 -1        46 2.62112E-01 6.55101E+00 3.02430E-01
 -1        47 2.61000E-01 6.69697E+00 3.08352E-01
 -1        48 2.59864E-01 6.84300E+00 3.13337E-01
 -1        49 2.58727E-01 6.98904E+00 3.18321E-01
 -1        50 2.57530E-01 7.13515E+00 3.22204E-01
 -1        51 2.56332E-01 7.28126E+00 3.26087E-01
 -1        52 2.55191E-01 7.42746E+00 3.28695E-01
 -1        53 2.54050E-01 7.57365E+00 3.31303E-01
 -1        54 2.52848E-01 7.71994E+00 3.32433E-01
 -1        55 2.51646E-01 7.86622E+00 3.33564E-01
 -1        56 2.50333E-01 8.01259E+00 3.33432E-01
 -1        57 2.49019E-01 8.15895E+00 3.33300E-01
 -1        58 2.47792E-01 8.30540E+00 3.32092E-01
 -1        59 2.46566E-01 8.45185E+00 3.30885E-01
 -1        60 2.45443E-01 8.59836E+00 3.28778E-01
 -1        61 2.44321E-01 8.74488E+00 3.26671E-01
 -1        62 2.43065E-01 8.89156E+00 3.25107E-01
 -1        63 2.41810E-01 9.03824E+00 3.23543E-01
 -1        64 2.40257E-01 9.18522E+00 3.24170E-01
 -1        65 2.38704E-01 9.33219E+00 3.24798E-01
 -1        66 2.37533E-01 9.47923E+00 3.25044E-01
 -1        67 2.36361E-01 9.62627E+00 3.25289E-01
 -1        68 2.35153E-01 9.77336E+00 3.25237E-01
 -1        69 2.33944E-01 9.92046E+00 3.25184E-01
 -1        70 2.32606E-01 1.00676E+01 3.24910E-01
 -1        71 2.31268E-01 1.02147E+01 3.24635E-01
 -1        72 2.29758E-01 1.03619E+01 3.24206E-01
 -1        73 2.28248E-01 1.05091E+01 3.23776E-01
 -1        74 2.27035E-01 1.06564E+01 3.22926E-01
 -1        75 2.25823E-01 1.08036E+01 3.22076E-01
 -1        76 2.24803E-01 1.09510E+01 3.20670E-01
 -1        77 2.23782E-01 1.10983E+01 3.19265E-01
 -1        78 2.22506E-01 1.12457E+01 3.17504E-01
 -1        79 2.21229E-01 1.13931E+01 3.15742E-01
 -1        80 2.19909E-01 1.15405E+01 3.13806E-01
 -1        81 2.18589E-01 1.16880E+01 3.11869E-01
 -1        82 2.17404E-01 1.18355E+01 3.09926E-01
 -1        83 2.16219E-01 1.19830E+01 3.07982E-01
 -1        84 2.14625E-01 1.21307E+01 3.08930E-01
 -1        85 2.13032E-01 1.22785E+01 3.09878E-01
 -1        86 2.11625E-01 1.24265E+01 3.12314E-01
 -1        87 2.10218E-01 1.25744E+01 3.14751E-01
 -1        88 2.08912E-01 1.27224E+01 3.17561E-01
 -1        89 2.07606E-01 1.28703E+01 3.20370E-01
 -1        90 2.06081E-01 1.30183E+01 3.23585E-01
 -1        91 2.04555E-01 1.31663E+01 3.26800E-01
 -1        92 2.02351E-01 1.33142E+01 3.30442E-01
 -1        93 2.00147E-01 1.34622E+01 3.34085E-01
 -1        94 1.98961E-01 1.36103E+01 3.37933E-01
 -1        95 1.97775E-01 1.37583E+01 3.41781E-01
 -1        96 1.97383E-01 1.39064E+01 3.45730E-01
 -1        97 1.96991E-01 1.40546E+01 3.49679E-01
 -1        98 1.95289E-01 1.42029E+01 3.55613E-01
 -1        99 1.93587E-01 1.43512E+01 3.61546E-01
 -1       100 1.91922E-01 1.44996E+01 3.68962E-01
 -1       101 1.90257E-01 1.46481E+01 3.76378E-01
 -1       102 1.88853E-01 1.47965E+01 3.84317E-01
 -1       103 1.87450E-01 1.49450E+01 3.92256E-01
 -1       104 1.85974E-01 1.50935E+01 4.00794E-01
 -1       105 1.84499E-01 1.52420E+01 4.09332E-01
 -1       106 1.83034E-01 1.53904E+01 4.18526E-01
 -1       107 1.81570E-01 1.55389E+01 4.27720E-01
 -1       108 1.79763E-01 1.56876E+01 4.39294E-01
 -1       109 1.77956E-01 1.58362E+01 4.50867E-01
 -1       110 1.76363E-01 1.59849E+01 4.63385E-01
 -1       111 1.74770E-01 1.61336E+01 4.75903E-01
 -1       112 1.73188E-01 1.62823E+01 4.89187E-01
 -1       113 1.71606E-01 1.64310E+01 5.02470E-01
 -1       114 1.69384E-01 1.65798E+01 5.17695E-01
 -1       115 1.67162E-01 1.67286E+01 5.32920E-01
 -1       116 1.65122E-01 1.68775E+01 5.48994E-01
 -1       117 1.63081E-01 1.70263E+01 5.65068E-01
 -1       118 1.61103E-01 1.71752E+01 5.81926E-01
 -1       119 1.59124E-01 1.73240E+01 5.98785E-01
 -1       120 8.79741E-01 8.57728E-23 6.51859E-02
 -1       121 8.76529E-01 1.45474E-01 6.60629E-02
 -1       122 8.73316E-01 2.90949E-01 6.69399E-02
 -1       123 8.70139E-01 4.36426E-01 6.34028E-02
 -1       124 8.66961E-01 5.81903E-01 5.98657E-02
 -1       125 8.63807E-01 7.27383E-01 5.48064E-02
 -1       126 8.60652E-01 8.72863E-01 4.97470E-02
 -1       127 8.57492E-01 1.01835E+00 4.60684E-02
 -1       128 8.54332E-01 1.16383E+00 4.23898E-02
 -1       129 8.51212E-01 1.30932E+00 4.30061E-02
 -1       130 8.48091E-01 1.45481E+00 4.36225E-02
 -1       131 8.45127E-01 1.60030E+00 4.71474E-02
 -1       132 8.42164E-01 1.74579E+00 5.06722E-02
 -1       133 8.39014E-01 1.89128E+00 5.33308E-02
 -1       134 8.35864E-01 2.03677E+00 5.59893E-02
 -1       135 8.32677E-01 2.18226E+00 5.73032E-02
 -1       136 8.29491E-01 2.32776E+00 5.86171E-02
 -1       137 8.26358E-01 2.47325E+00 5.81194E-02
 -1       138 8.23225E-01 2.61875E+00 5.76217E-02
 -1       139 8.19970E-01 2.76426E+00 5.64664E-02
 -1       140 8.16716E-01 2.90977E+00 5.53112E-02
 -1       141 8.13442E-01 3.05530E+00 5.37092E-02
 -1       142 8.10168E-01 3.20083E+00 5.21073E-02
 -1       143 8.06935E-01 3.34637E+00 5.00205E-02
 -1       144 8.03702E-01 3.49191E+00 4.79337E-02
 -1       145 8.00434E-01 3.63746E+00 4.65763E-02
 -1       146 7.97165E-01 3.78300E+00 4.52189E-02
 -1       147 7.93926E-01 3.92857E+00 4.58181E-02
 -1       148 7.90687E-01 4.07413E+00 4.64173E-02
 -1       149 7.87643E-01 4.21971E+00 5.02132E-02
 -1       150 7.84599E-01 4.36529E+00 5.40091E-02
 -1       151 7.81408E-01 4.51089E+00 6.06852E-02
 -1       152 7.78217E-01 4.65648E+00 6.73613E-02
 -1       153 7.74769E-01 4.80209E+00 7.49765E-02
 -1       154 7.71321E-01 4.94771E+00 8.25918E-02
 -1       155 7.68103E-01 5.09335E+00 9.00890E-02
 -1       156 7.64885E-01 5.23899E+00 9.75861E-02
 -1       157 7.61642E-01 5.38465E+00 1.03922E-01
 -1       158 7.58398E-01 5.53032E+00 1.10257E-01
 -1       159 7.55162E-01 5.67601E+00 1.14401E-01
 -1       160 7.51925E-01 5.82171E+00 1.18545E-01
 -1       161 7.48597E-01 5.96748E+00 1.20702E-01
 -1       162 7.45269E-01 6.11325E+00 1.22859E-01
 -1       163 7.41783E-01 6.25915E+00 1.23905E-01
 -1       164 7.38298E-01 6.40505E+00 1.24951E-01
 -1       165 7.34983E-01 6.55101E+00 1.23827E-01
 -1       166 7.31668E-01 6.69697E+00 1.22702E-01
 -1       167 7.28253E-01 6.84300E+00 1.20597E-01
 -1       168 7.24838E-01 6.98904E+00 1.18493E-01
 -1       169 7.21462E-01 7.13515E+00 1.16615E-01
 -1       170 7.18086E-01 7.28126E+00 1.14738E-01
 -1       171 7.14997E-01 7.42746E+00 1.14313E-01
 -1       172 7.11909E-01 7.57365E+00 1.13889E-01
 -1       173 7.08063E-01 7.71994E+00 1.15640E-01
 -1       174 7.04217E-01 7.86622E+00 1.17390E-01
 -1       175 7.00395E-01 8.01259E+00 1.20182E-01
 -1       176 6.96573E-01 8.15895E+00 1.22974E-01
 -1       177 6.93335E-01 8.30540E+00 1.25414E-01
 -1       178 6.90097E-01 8.45185E+00 1.27853E-01
 -1       179 6.86741E-01 8.59836E+00 1.28565E-01
 -1       180 6.83384E-01 8.74488E+00 1.29276E-01
 -1       181 6.79876E-01 8.89156E+00 1.28194E-01
 -1       182 6.76368E-01 9.03824E+00 1.27111E-01
 -1       183 6.72640E-01 9.18522E+00 1.25234E-01
 -1       184 6.68911E-01 9.33219E+00 1.23357E-01
 -1       185 6.65416E-01 9.47923E+00 1.19209E-01
 -1       186 6.61922E-01 9.62627E+00 1.15060E-01
 -1       187 6.58288E-01 9.77336E+00 1.09890E-01
 -1       188 6.54655E-01 9.92046E+00 1.04719E-01
 -1       189 6.51017E-01 1.00676E+01 9.97987E-02
 -1       190 6.47379E-01 1.02147E+01 9.48784E-02
 -1       191 6.43670E-01 1.03619E+01 9.15041E-02
 -1       192 6.39962E-01 1.05091E+01 8.81298E-02
 -1       193 6.35944E-01 1.06564E+01 8.69749E-02
 -1       194 6.31925E-01 1.08036E+01 8.58200E-02
 -1       195 6.28301E-01 1.09510E+01 8.60244E-02
 -1       196 6.24677E-01 1.10983E+01 8.62288E-02
 -1       197 6.21121E-01 1.12457E+01 8.69265E-02
 -1       198 6.17565E-01 1.13931E+01 8.76242E-02
 -1       199 6.13951E-01 1.15405E+01 8.79690E-02
 -1       200 6.10337E-01 1.16880E+01 8.83138E-02
 -1       201 6.06797E-01 1.18355E+01 8.74791E-02
 -1       202 6.03256E-01 1.19830E+01 8.66445E-02
 -1       203 5.99269E-01 1.21307E+01 8.66518E-02
 -1       204 5.95282E-01 1.22785E+01 8.66591E-02
 -1       205 5.91418E-01 1.24265E+01 8.63692E-02
 -1       206 5.87554E-01 1.25744E+01 8.60793E-02
 -1       207 5.83696E-01 1.27224E+01 8.52161E-02
 -1       208 5.79838E-01 1.28703E+01 8.43530E-02
 -1       209 5.75817E-01 1.30183E+01 8.38587E-02
 -1       210 5.71795E-01 1.31663E+01 8.33644E-02
 -1       211 5.66953E-01 1.33142E+01 8.42021E-02
 -1       212 5.62111E-01 1.34622E+01 8.50397E-02
 -1       213 5.58998E-01 1.36103E+01 8.76258E-02
 -1       214 5.55885E-01 1.37583E+01 9.02119E-02
 -1       215 5.53162E-01 1.39064E+01 9.41978E-02
 -1       216 5.50439E-01 1.40546E+01 9.81838E-02
 -1       217 5.45830E-01 1.42029E+01 1.05192E-01
 -1       218 5.41220E-01 1.43512E+01 1.12200E-01
 -1       219 5.36940E-01 1.44996E+01 1.21499E-01
 -1       220 5.32660E-01 1.46481E+01 1.30799E-01
 -1       221 5.28563E-01 1.47965E+01 1.41234E-01
 -1       222 5.24467E-01 1.49450E+01 1.51668E-01
 -1       223 5.20261E-01 1.50935E+01 1.63149E-01
 -1       224 5.16055E-01 1.52420E+01 1.74629E-01
 -1       225 5.11883E-01 1.53904E+01 1.87076E-01
 -1       226 5.07712E-01 1.55389E+01 1.99523E-01
 -1       227 5.02952E-01 1.56876E+01 2.14429E-01
 -1       228 4.98192E-01 1.58362E+01 2.29336E-01
 -1       229 4.93598E-01 1.59849E+01 2.45299E-01
 -1       230 4.89004E-01 1.61336E+01 2.61263E-01
 -1       231 4.84441E-01 1.62823E+01 2.78065E-01
 -1       232 4.79878E-01 1.64310E+01 2.94867E-01
 -1       233 4.73861E-01 1.65798E+01 3.13561E-01
 -1       234 4.67843E-01 1.67286E+01 3.32255E-01
 -1       235 4.62049E-01 1.68775E+01 3.51814E-01
 -1       236 4.56255E-01 1.70263E+01 3.71373E-01
 -1       237 4.50708E-01 1.71752E+01 3.91726E-01
 -1       238 4.45161E-01 1.73240E+01 4.12080E-01
 -3
    3C                           118                                     1
 -1         1   12    0    1
 -2         1         3         2
 -1         2   12    0    1
 -2         3         5         4
 -1         3   12    0    1
 -2         5         7         6
 -1         4   12    0    1
 -2         7         9         8
 -1         5   12    0    1
 -2         9        11        10
 -1         6   12    0    1
 -2        11        13        12
 -1         7   12    0    1
 -2        13        15        14
 -1         8   12    0    1
 -2        15        17        16
 -1         9   12    0    1
 -2        17        19        18
 -1        10   12    0    1
 -2        19        21        20
 -1        11   12    0    1
 -2        21        23        22
 -1        12   12    0    1
 -2        23        25        24
 -1        13   12    0    1
 -2        25        27        26
 -1        14   12    0    1
 -2        27        29        28
 -1        15   12    0    1
 -2        29        31        30
 -1        16   12    0    1
 -2        31        33        32
 -1        17   12    0    1
 -2        33        35        34
 -1        18   12    0    1
 -2        35        37        36
 -1        19   12    0    1
 -2        37        39        38
 -1        20   12    0    1
 -2        39        41        40
 -1        21   12    0    1
 -2        41        43        42
 -1        22   12    0    1
 -2        43        45        44
 -1        23   12    0    1
 -2        45        47        46
 -1        24   12    0    1
 -2        47        49        48
 -1        25   12    0    1
 -2        49        51        50
 -1        26   12    0    1
 -2        51        53        52
 -1        27   12    0    1
 -2        53        55        54
 -1        28   12    0    1
 -2        55        57        56
 -1        29   12    0    1
 -2        57        59        58
 -1        30   12    0    1
 -2        59        61        60
 -1        31   12    0    1
 -2        61        63        62
 -1        32   12    0    1
 -2        63        65        64
 -1        33   12    0    1
 -2        65        67        66
 -1        34   12    0    1
 -2        67        69        68
 -1        35   12    0    1
 -2        69        71        70
 -1        36   12    0    1
 -2        71        73        72
 -1        37   12    0    1
 -2        73        75        74
 -1        38   12    0    1
 -2        75        77        76
 -1        39   12    0    1
 -2        77        79        78
 -1        40   12    0    1
 -2        79        81        80
 -1        41   12    0    1
 -2        81        83        82
 -1        42   12    0    1
 -2        83        85        84
 -1        43   12    0    1
 -2        85        87        86
 -1        44   12    0    1
 -2        87        89        88
 -1        45   12    0    1
 -2        89        91        90
 -1        46   12    0    1
 -2        91        93        92
 -1        47   12    0    1
 -2        93        95        94
 -1        48   12    0    1
 -2        95        97        96
 -1        49   12    0    1
 -2        97        99        98
 -1        50   12    0    1
 -2        99       101       100
 -1        51   12    0    1
 -2       101       103       102
 -1        52   12    0    1
 -2       103       105       104
 -1        53   12    0    1
 -2       105       107       106
 -1        54   12    0    1
 -2       107       109       108
 -1        55   12    0    1
 -2       109       111       110
 -1        56   12    0    1
 -2       111       113       112
 -1        57   12    0    1
 -2       113       115       114
 -1        58   12    0    1
 -2       115       117       116
 -1        59   12    0    1
 -2       117       119       118
 -1        60   12    0    2
 -2       120       122       121
 -1        61   12    0    2
 -2       122       124       123
 -1        62   12    0    2
 -2       124       126       125
 -1        63   12    0    2
 -2       126       128       127
 -1        64   12    0    2
 -2       128       130       129
 -1        65   12    0    2
 -2       130       132       131
 -1        66   12    0    2
 -2       132       134       133
 -1        67   12    0    2
 -2       134       136       135
 -1        68   12    0    2
 -2       136       138       137
 -1        69   12    0    2
 -2       138       140       139
 -1        70   12    0    2
 -2       140       142       141
 -1        71   12    0    2
 -2       142       144       143
 -1        72   12    0    2
 -2       144       146       145
 -1        73   12    0    2
 -2       146       148       147
 -1        74   12    0    2
 -2       148       150       149
 -1        75   12    0    2
 -2       150       152       151
 -1        76   12    0    2
 -2       152       154       153
 -1        77   12    0    2
 -2       154       156       155
 -1        78   12    0    2
 -2       156       158       157
 -1        79   12    0    2
 -2       158       160       159
 -1        80   12    0    2
 -2       160       162       161
 -1        81   12    0    2
 -2       162       164       163
 -1        82   12    0    2
 -2       164       166       165
 -1        83   12    0    2
 -2       166       168       167
 -1        84   12    0    2
 -2       168       170       169
 -1        85   12    0    2
 -2       170       172       171
 -1        86   12    0    2
 -2       172       174       173
 -1        87   12    0    2
 -2       174       176       175
 -1        88   12    0    2
 -2       176       178       177
 -1        89   12    0    2
 -2       178       180       179
 -1        90   12    0    2
 -2       180       182       181
 -1        91   12    0    2
 -2       182       184       183
 -1        92   12    0    2
 -2       184       186       185
 -1        93   12    0    2
 -2       186       188       187
 -1        94   12    0    2
 -2       188       190       189
 -1        95   12    0    2
 -2       190       192       191
 -1        96   12    0    2
 -2       192       194       193
 -1        97   12    0    2
 -2       194       196       195
 -1        98   12    0    2
 -2       196       198       197
 -1        99   12    0    2
 -2       198       200       199
 -1       100   12    0    2
 -2       200       202       201
 -1       101   12    0    2
 -2       202       204       203
 -1       102   12    0    2
 -2       204       206       205
 -1       103   12    0    2
 -2       206       208       207
 -1       104   12    0    2
 -2       208       210       209
 -1       105   12    0    2
 -2       210       212       211
 -1       106   12    0    2
 -2       212       214       213
 -1       107   12    0    2
 -2       214       216       215
 -1       108   12    0    2
 -2       216       218       217
 -1       109   12    0    2
 -2       218       220       219
 -1       110   12    0    2
 -2       220       222       221
 -1       111   12    0    2
 -2       222       224       223
 -1       112   12    0    2
 -2       224       226       225
 -1       113   12    0    2
 -2       226       228       227
 -1       114   12    0    2
 -2       228       230       229
 -1       115   12    0    2
 -2       230       232       231
 -1       116   12    0    2
 -2       232       234       233
 -1       117   12    0    2
 -2       234       236       235
 -1       118   12    0    2
 -2       236       238       237
 -3
    1PSTEP                         1           1           1          
  100CL  101 1.000000000         238                     0    1           1
 -4  DISP        4    1
 -5  D1          1    2    1    0
 -5  D2          1    2    2    0
 -5  D3          1    2    3    0
 -5  ALL         1    2    0    0    1ALL
 -1         1 0.00000E+00-6.61744E-24-2.64698E-23
 -1         2-9.96407E-06 1.91209E-06 6.73443E-05
 -1         3-3.93127E-05 2.39854E-07 2.63284E-04
 -1         4-8.73953E-05-4.84583E-06 5.80167E-04
 -1         5-1.52307E-04-1.28804E-05 1.00167E-03
 -1         6-2.31916E-04-2.33455E-05 1.51011E-03
 -1         7-3.24418E-04-3.58954E-05 2.09169E-03
 -1         8-4.28077E-04-4.99834E-05 2.73347E-03
 -1         9-5.41051E-04-6.54661E-05 3.42352E-03
 -1        10-6.61472E-04-8.14336E-05 4.15020E-03
 -1        11-7.87425E-04-9.82033E-05 4.90359E-03
 -1        12-9.17131E-04-1.18473E-04 5.67356E-03
 -1        13-1.05016E-03-1.38925E-04 6.44696E-03
 -1        14-1.18624E-03-1.59422E-04 7.21040E-03
 -1        15-1.32508E-03-1.79418E-04 7.95213E-03
 -1        16-1.46641E-03-1.98688E-04 8.66080E-03
 -1        17-1.60994E-03-2.16869E-04 9.32667E-03
 -1        18-1.75539E-03-2.33733E-04 9.94041E-03
 -1        19-1.90245E-03-2.49039E-04 1.04943E-02
 -1        20-2.05083E-03-2.67969E-04 1.09810E-02
 -1        21-2.20023E-03-2.84178E-04 1.13951E-02
 -1        22-2.35041E-03-3.00478E-04 1.17313E-02
 -1        23-2.50106E-03-3.12991E-04 1.19863E-02
 -1        24-2.65190E-03-3.21525E-04 1.21571E-02
 -1        25-2.80264E-03-3.26057E-04 1.22424E-02
 -1        26-2.95297E-03-3.26563E-04 1.22412E-02
 -1        27-3.10260E-03-3.23068E-04 1.21540E-02
 -1        28-3.25124E-03-3.15750E-04 1.19819E-02
 -1        29-3.39857E-03-3.04657E-04 1.17274E-02
 -1        30-3.54432E-03-2.90235E-04 1.13933E-02
 -1        31-3.68815E-03-2.72478E-04 1.09840E-02
 -1        32-3.82978E-03-2.53335E-04 1.05042E-02
 -1        33-3.96923E-03-2.31391E-04 9.95861E-03
 -1        34-4.10655E-03-2.08261E-04 9.35193E-03
 -1        35-4.24176E-03-1.82918E-04 8.69067E-03
 -1        36-4.37491E-03-1.57312E-04 7.98147E-03
 -1        37-4.50604E-03-1.30203E-04 7.23276E-03
 -1        38-4.63520E-03-1.04252E-04 6.45303E-03
 -1        39-4.76242E-03-7.75743E-05 5.65261E-03
 -1        40-4.88775E-03-5.35029E-05 4.84187E-03
 -1        41-5.01123E-03-2.94822E-05 4.03303E-03
 -1        42-5.13301E-03-2.78714E-06 3.23810E-03
 -1        43-5.25302E-03 2.29326E-05 2.47141E-03
 -1        44-5.37150E-03 5.49963E-05 1.74657E-03
 -1        45-5.48829E-03 8.43639E-05 1.08006E-03
 -1        46-5.60343E-03 1.07411E-04 4.87710E-04
 -1        47-5.71696E-03 1.26714E-04-1.26067E-05
 -1        48-5.82895E-03 1.39055E-04-4.03134E-04
 -1        49-5.93941E-03 1.46970E-04-6.64205E-04
 -1        50-6.04843E-03 1.48930E-04-7.76102E-04
 -1        51-6.15602E-03 1.46354E-04-7.17451E-04
 -1        52-6.26230E-03 1.40901E-04-4.66464E-04
 -1        53-6.36724E-03 1.31613E-04 0.00000E+00
 -1        54-6.47098E-03 1.26016E-04 7.00413E-04
 -1        55-6.57304E-03 1.18870E-04 1.60850E-03
 -1        56-6.67316E-03 1.19609E-04 2.69374E-03
 -1        57-6.77083E-03 1.20541E-04 3.92567E-03
 -1        58-6.86579E-03 1.31550E-04 5.27535E-03
 -1        59-6.95750E-03 1.43349E-04 6.71369E-03
 -1        60-7.04568E-03 1.64913E-04 8.21312E-03
 -1        61-7.12979E-03 1.87014E-04 9.74600E-03
 -1        62-7.20943E-03 2.03461E-04 1.12873E-02
 -1        63-7.28417E-03 2.19753E-04 1.28099E-02
 -1        64-7.35354E-03 2.13382E-04 1.42915E-02
 -1        65-7.41723E-03 2.07392E-04 1.57057E-02
 -1        66-7.47493E-03 2.05430E-04 1.70295E-02
 -1        67-7.52617E-03 2.03717E-04 1.82404E-02
 -1        68-7.57056E-03 2.04448E-04 1.93165E-02
 -1        69-7.60769E-03 2.05185E-04 2.02381E-02
 -1        70-7.63716E-03 2.07025E-04 2.09851E-02
 -1        71-7.65843E-03 2.08567E-04 2.15348E-02
 -1        72-7.67107E-03 2.10122E-04 2.18672E-02
 -1        73-7.67522E-03 2.11106E-04 2.19782E-02
 -1        74-7.67654E-03 2.11897E-04 2.20569E-02
 -1        75-7.68031E-03 2.13480E-04 2.22780E-02
 -1        76-7.68682E-03 2.17389E-04 2.26514E-02
 -1        77-7.69636E-03 2.22828E-04 2.31886E-02
 -1        78-7.70867E-03 2.31250E-04 2.38698E-02
 -1        79-7.72329E-03 2.41009E-04 2.46645E-02
 -1        80-7.73974E-03 2.52773E-04 2.55420E-02
 -1        81-7.75757E-03 2.65266E-04 2.64760E-02
 -1        82-7.77638E-03 2.78237E-04 2.74421E-02
 -1        83-7.79570E-03 2.91313E-04 2.84166E-02
 -1        84-7.81497E-03 2.85327E-04 2.93789E-02
 -1        85-7.83390E-03 2.79566E-04 3.03064E-02
 -1        86-7.85207E-03 2.65382E-04 3.11808E-02
 -1        87-7.86910E-03 2.52399E-04 3.19834E-02
 -1        88-7.88457E-03 2.39097E-04 3.26976E-02
 -1        89-7.89808E-03 2.27769E-04 3.33089E-02
 -1        90-7.90919E-03 2.17306E-04 3.38033E-02
 -1        91-7.91745E-03 2.09739E-04 3.41660E-02
 -1        92-7.92247E-03 2.04684E-04 3.43843E-02
 -1        93-7.92415E-03 2.03282E-04 3.44566E-02
 -1        94-7.92414E-03 2.01579E-04 3.45222E-02
 -1        95-7.92410E-03 1.96760E-04 3.47081E-02
 -1        96-7.92402E-03 1.87948E-04 3.50386E-02
 -1        97-7.92390E-03 1.74607E-04 3.55397E-02
 -1        98-7.92365E-03 1.48335E-04 3.61968E-02
 -1        99-7.92334E-03 1.16836E-04 3.69845E-02
 -1       100-7.92290E-03 7.22012E-05 3.78784E-02
 -1       101-7.92242E-03 2.32590E-05 3.88584E-02
 -1       102-7.92186E-03-3.28153E-05 3.99073E-02
 -1       103-7.92128E-03-9.17369E-05 4.10094E-02
 -1       104-7.92063E-03-1.57337E-04 4.21504E-02
 -1       105-7.91996E-03-2.24502E-04 4.33186E-02
 -1       106-7.91923E-03-2.97864E-04 4.45036E-02
 -1       107-7.91850E-03-3.71770E-04 4.56973E-02
 -1       108-7.91757E-03-4.64948E-04 4.68944E-02
 -1       109-7.91665E-03-5.57909E-04 4.80886E-02
 -1       110-7.91565E-03-6.57920E-04 4.92766E-02
 -1       111-7.91467E-03-7.57270E-04 5.04568E-02
 -1       112-7.91363E-03-8.61947E-04 5.16285E-02
 -1       113-7.91260E-03-9.66007E-04 5.27934E-02
 -1       114-7.91143E-03-1.08476E-03 5.39544E-02
 -1       115-7.91026E-03-1.20315E-03 5.51119E-02
 -1       116-7.90903E-03-1.32789E-03 5.62672E-02
 -1       117-7.90781E-03-1.45248E-03 5.74211E-02
 -1       118-7.90652E-03-1.58308E-03 5.85743E-02
 -1       119-7.90523E-03-1.71364E-03 5.97273E-02
 -1       120 3.30872E-23 6.72084E-25-1.32349E-23
 -1       121-1.19123E-05-1.44466E-05 1.02776E-04
 -1       122-4.64006E-05-3.00575E-05 3.17246E-04
 -1       123-1.00780E-04-3.96088E-05 5.31844E-04
 -1       124-1.71377E-04-4.95576E-05 7.43778E-04
 -1       125-2.54909E-04-5.64476E-05 9.88828E-04
 -1       126-3.49051E-04-5.95140E-05 1.34921E-03
 -1       127-4.51641E-04-6.11978E-05 1.90835E-03
 -1       128-5.60398E-04-5.68842E-05 2.70756E-03
 -1       129-6.72438E-04-7.72902E-05 3.74716E-03
 -1       130-7.87425E-04-9.82033E-05 4.90359E-03
 -1       131-9.04634E-04-1.30415E-04 6.04446E-03
 -1       132-1.02529E-03-1.61296E-04 7.13026E-03
 -1       133-1.15057E-03-1.84727E-04 8.14381E-03
 -1       134-1.28045E-03-2.06613E-04 9.07056E-03
 -1       135-1.41503E-03-2.19219E-04 9.89788E-03
 -1       136-1.55381E-03-2.30897E-04 1.06179E-02
 -1       137-1.69676E-03-2.34081E-04 1.12255E-02
 -1       138-1.84362E-03-2.37686E-04 1.17229E-02
 -1       139-1.99436E-03-2.40134E-04 1.21140E-02
 -1       140-2.14827E-03-2.43415E-04 1.24046E-02
 -1       141-2.30458E-03-2.46950E-04 1.26011E-02
 -1       142-2.46237E-03-2.51444E-04 1.27104E-02
 -1       143-2.62080E-03-2.56717E-04 1.27402E-02
 -1       144-2.77917E-03-2.62982E-04 1.26986E-02
 -1       145-2.93678E-03-2.69685E-04 1.25931E-02
 -1       146-3.09283E-03-2.76896E-04 1.24264E-02
 -1       147-3.24647E-03-2.81552E-04 1.21975E-02
 -1       148-3.39703E-03-2.85810E-04 1.18953E-02
 -1       149-3.54410E-03-2.80817E-04 1.15020E-02
 -1       150-3.68815E-03-2.72478E-04 1.09840E-02
 -1       151-3.82994E-03-2.44566E-04 1.03143E-02
 -1       152-3.96940E-03-2.10439E-04 9.51092E-03
 -1       153-4.10660E-03-1.65860E-04 8.60233E-03
 -1       154-4.24162E-03-1.17166E-04 7.61661E-03
 -1       155-4.37462E-03-6.64801E-05 6.58104E-03
 -1       156-4.50559E-03-1.45082E-05 5.52181E-03
 -1       157-4.63442E-03 2.89534E-05 4.46388E-03
 -1       158-4.76118E-03 7.14133E-05 3.43046E-03
 -1       159-4.88573E-03 9.70466E-05 2.44313E-03
 -1       160-5.00823E-03 1.20887E-04 1.52100E-03
 -1       161-5.12865E-03 1.30887E-04 6.81192E-04
 -1       162-5.24713E-03 1.39501E-04-6.09847E-05
 -1       163-5.36390E-03 1.41561E-04-6.92386E-04
 -1       164-5.47912E-03 1.42786E-04-1.20076E-03
 -1       165-5.59313E-03 1.37628E-04-1.57592E-03
 -1       166-5.70599E-03 1.33594E-04-1.81015E-03
 -1       167-5.81793E-03 1.30048E-04-1.89715E-03
 -1       168-5.92900E-03 1.28716E-04-1.83253E-03
 -1       169-6.03943E-03 1.29317E-04-1.61268E-03
 -1       170-6.14932E-03 1.31958E-04-1.23532E-03
 -1       171-6.25857E-03 1.31547E-04-6.98238E-04
 -1       172-6.36724E-03 1.31613E-04 0.00000E+00
 -1       173-6.47426E-03 1.15999E-04 8.57931E-04
 -1       174-6.57809E-03 9.87602E-05 1.85776E-03
 -1       175-6.67613E-03 7.23073E-05 2.97751E-03
 -1       176-6.76638E-03 4.43382E-05 4.18693E-03
 -1       177-6.84760E-03 1.88782E-05 5.45528E-03
 -1       178-6.92139E-03-6.88446E-06 6.75132E-03
 -1       179-6.99070E-03-1.73032E-05 8.04705E-03
 -1       180-7.05671E-03-2.75443E-05 9.32109E-03
 -1       181-7.12142E-03-2.25013E-05 1.05582E-02
 -1       182-7.18479E-03-1.77755E-05 1.17484E-02
 -1       183-7.24729E-03-7.35218E-06 1.28883E-02
 -1       184-7.30751E-03 2.42039E-06 1.39728E-02
 -1       185-7.36507E-03 2.75652E-05 1.50030E-02
 -1       186-7.41959E-03 5.15640E-05 1.59900E-02
 -1       187-7.47175E-03 8.14561E-05 1.69496E-02
 -1       188-7.52093E-03 1.11137E-04 1.79012E-02
 -1       189-7.56654E-03 1.39680E-04 1.88649E-02
 -1       190-7.60810E-03 1.69299E-04 1.98578E-02
 -1       191-7.64454E-03 1.89582E-04 2.08942E-02
 -1       192-7.67522E-03 2.11106E-04 2.19782E-02
 -1       193-7.69858E-03 2.18250E-04 2.31107E-02
 -1       194-7.71491E-03 2.25922E-04 2.42857E-02
 -1       195-7.72388E-03 2.22919E-04 2.54952E-02
 -1       196-7.72693E-03 2.20035E-04 2.67259E-02
 -1       197-7.72521E-03 2.13115E-04 2.79637E-02
 -1       198-7.72031E-03 2.06323E-04 2.91907E-02
 -1       199-7.71383E-03 2.02576E-04 3.03895E-02
 -1       200-7.70700E-03 1.98948E-04 3.15410E-02
 -1       201-7.70149E-03 2.04126E-04 3.26272E-02
 -1       202-7.69849E-03 2.08772E-04 3.36308E-02
 -1       203-7.69912E-03 2.07605E-04 3.45362E-02
 -1       204-7.70388E-03 2.06331E-04 3.53201E-02
 -1       205-7.71294E-03 2.06246E-04 3.59612E-02
 -1       206-7.72665E-03 2.05710E-04 3.64358E-02
 -1       207-7.74556E-03 2.05778E-04 3.67211E-02
 -1       208-7.77006E-03 2.04453E-04 3.67941E-02
 -1       209-7.80054E-03 2.01977E-04 3.66312E-02
 -1       210-7.83705E-03 1.98452E-04 3.62064E-02
 -1       211-7.87908E-03 2.00010E-04 3.54923E-02
 -1       212-7.92415E-03 2.03282E-04 3.44566E-02
 -1       213-7.97010E-03 2.26438E-04 3.30754E-02
 -1       214-8.01620E-03 2.55333E-04 3.13654E-02
 -1       215-8.06285E-03 3.08659E-04 2.93519E-02
 -1       216-8.10974E-03 3.69476E-04 2.70597E-02
 -1       217-8.15810E-03 4.88529E-04 2.45082E-02
 -1       218-8.20680E-03 6.18610E-04 2.17232E-02
 -1       219-8.25697E-03 8.05048E-04 1.87239E-02
 -1       220-8.30750E-03 1.00350E-03 1.55328E-02
 -1       221-8.35900E-03 1.23846E-03 1.21693E-02
 -1       222-8.41084E-03 1.48423E-03 8.65212E-03
 -1       223-8.46364E-03 1.76523E-03 4.99852E-03
 -1       224-8.51672E-03 2.05550E-03 1.22500E-03
 -1       225-8.57072E-03 2.37906E-03-2.65303E-03
 -1       226-8.62497E-03 2.71020E-03-6.62135E-03
 -1       227-8.68125E-03 3.11453E-03-1.06718E-02
 -1       228-8.73774E-03 3.52539E-03-1.47874E-02
 -1       229-8.79521E-03 3.97131E-03-1.89572E-02
 -1       230-8.85284E-03 4.42193E-03-2.31708E-02
 -1       231-8.91125E-03 4.90021E-03-2.74189E-02
 -1       232-8.96976E-03 5.38151E-03-3.16938E-02
 -1       233-9.02988E-03 5.91916E-03-3.59938E-02
 -1       234-9.09006E-03 6.45856E-03-4.03078E-02
 -1       235-9.15097E-03 7.02427E-03-4.46310E-02
 -1       236-9.21190E-03 7.59068E-03-4.89595E-02
 -1       237-9.27347E-03 8.18057E-03-5.32904E-02
 -1       238-9.33504E-03 8.77061E-03-5.76224E-02
 -3
 9999
