===== stdout =====

************************************************************

CalculiX Version 2.23, Copyright(C) 1998-2025 Guido Dhondt
CalculiX comes with ABSOLUTELY NO WARRANTY. This is free
software, and you are welcome to redistribute it under
certain conditions, see gpl.htm

************************************************************

You are using an executable made on Fri Apr 17 06:02:21 UTC 2026

  The numbers below are estimated upper bounds

  number of:

   nodes:         6610
   elements:          118
   one-dimensional elements:          118
   two-dimensional elements:            0
   integration points per element:           50
   degrees of freedom per node:            3
   layers per element:            2

   distributed facial loads:            0
   distributed volumetric loads:            0
   concentrated loads:         1080
   single point constraints:         8613
   multiple point constraints:        14191
   terms in all multiple point constraints:        90685
   tie constraints:            0
   dependent nodes tied by cyclic constraints:            0
   dependent nodes in pre-tension constraints:            0

   sets:          127
   terms in all sets:          136

   materials:            2
   constants per material and temperature:            2
   temperature points per material:            1
   plastic data points per material:            0

   orientations:            0
   amplitudes:            2
   data points in all amplitudes:            2
   print requests:            3
   transformations:            0
   property cards:         1888


 STEP            1

 *WARNING reading *STATIC:
          the minimum increment    0.0000000000000000     
          is smaller then 1.e-6 times the 
          step time;
          the minimum increment is changed
          to    9.9999999999999995E-007
          which is the minimum of the initial
          increment time and 1.e-6 times the step time

 Static analysis was selected

 Decascading the MPC's

 Determining the structure of the matrix:
 Using up to 1 cpu(s) for setting up the structure of the matrix.
 number of equations
 4170
 number of nonzero lower triangular matrix elements
 169125

 Using up to 1 cpu(s) for the stress calculation.

 Using up to 1 cpu(s) for the symmetric stiffness/mass contributions.

 Factoring the system of equations using the symmetric spooles solver
 Using up to 1 cpu(s) for spooles.

 Using up to 1 cpu(s) for the stress calculation.


 Job finished

________________________________________

Total CalculiX Time: 0.032441
________________________________________

===== stderr =====

