    1C
    1UUSER                                                              
    1UDATE              08.may.2026                                     
    1UTIME              15:19:27                                        
    1UHOST                                                              
    1UPGM               CalculiX                                        
    1UVERSION           Version 2.23                             
    1UCOMPILETIME       Sun Oct 19 18:23:34 CEST 2025                    
    1UDIR                                                               
    1UDBN                                                               
    1UMAT    1CARBON_FIBER_HM_MAIN                                      
    1UMAT    2CARBON_FIBER_HM_REAR                                      
    2C                           238                                     1
 -1         1 3.14193E-01 8.57728E-23 7.14391E-02
 -1         2 3.13078E-01 1.45474E-01 7.53225E-02
 -1         3 3.11963E-01 2.90949E-01 7.92058E-02
 -1         4 3.10841E-01 4.36426E-01 8.31100E-02
 -1         5 3.09719E-01 5.81903E-01 8.70141E-02
 -1         6 3.08595E-01 7.27383E-01 9.09187E-02
 -1         7 3.07470E-01 8.72863E-01 9.48233E-02
 -1         8 3.06366E-01 1.01835E+00 9.86967E-02
 -1         9 3.05261E-01 1.16383E+00 1.02570E-01
 -1        10 3.04243E-01 1.30932E+00 1.06370E-01
 -1        11 3.03225E-01 1.45481E+00 1.10169E-01
 -1        12 3.02083E-01 1.60030E+00 1.13921E-01
 -1        13 3.00941E-01 1.74579E+00 1.17674E-01
 -1        14 2.99674E-01 1.89128E+00 1.21477E-01
 -1        15 2.98407E-01 2.03677E+00 1.25281E-01
 -1        16 2.97256E-01 2.18226E+00 1.29135E-01
 -1        17 2.96106E-01 2.32776E+00 1.32989E-01
 -1        18 2.95048E-01 2.47325E+00 1.36883E-01
 -1        19 2.93989E-01 2.61875E+00 1.40777E-01
 -1        20 2.92788E-01 2.76426E+00 1.46250E-01
 -1        21 2.91587E-01 2.90977E+00 1.51722E-01
 -1        22 2.90362E-01 3.05530E+00 1.58488E-01
 -1        23 2.89138E-01 3.20083E+00 1.65254E-01
 -1        24 2.88026E-01 3.34637E+00 1.72055E-01
 -1        25 2.86913E-01 3.49191E+00 1.78857E-01
 -1        26 2.85784E-01 3.63746E+00 1.85626E-01
 -1        27 2.84655E-01 3.78300E+00 1.92396E-01
 -1        28 2.83522E-01 3.92857E+00 1.99055E-01
 -1        29 2.82388E-01 4.07413E+00 2.05715E-01
 -1        30 2.81369E-01 4.21971E+00 2.12176E-01
 -1        31 2.80350E-01 4.36529E+00 2.18637E-01
 -1        32 2.79175E-01 4.51089E+00 2.24822E-01
 -1        33 2.78001E-01 4.65648E+00 2.31007E-01
 -1        34 2.76650E-01 4.80209E+00 2.36886E-01
 -1        35 2.75299E-01 4.94771E+00 2.42765E-01
 -1        36 2.74094E-01 5.09335E+00 2.48269E-01
 -1        37 2.72890E-01 5.23899E+00 2.53773E-01
 -1        38 2.71773E-01 5.38465E+00 2.58824E-01
 -1        39 2.70656E-01 5.53032E+00 2.63875E-01
 -1        40 2.69577E-01 5.67601E+00 2.68386E-01
 -1        41 2.68498E-01 5.82171E+00 2.72896E-01
 -1        42 2.67281E-01 5.96748E+00 2.77996E-01
 -1        43 2.66064E-01 6.11325E+00 2.83097E-01
 -1        44 2.64644E-01 6.25915E+00 2.89802E-01
 -1        45 2.63224E-01 6.40505E+00 2.96507E-01
 -1        46 2.62112E-01 6.55101E+00 3.02430E-01
 -1        47 2.61000E-01 6.69697E+00 3.08352E-01
 -1        48 2.59864E-01 6.84300E+00 3.13337E-01
 -1        49 2.58727E-01 6.98904E+00 3.18321E-01
 -1        50 2.57530E-01 7.13515E+00 3.22204E-01
 -1        51 2.56332E-01 7.28126E+00 3.26087E-01
 -1        52 2.55191E-01 7.42746E+00 3.28695E-01
 -1        53 2.54050E-01 7.57365E+00 3.31303E-01
 -1        54 2.52848E-01 7.71994E+00 3.32433E-01
 -1        55 2.51646E-01 7.86622E+00 3.33564E-01
 -1        56 2.50333E-01 8.01259E+00 3.33432E-01
 -1        57 2.49019E-01 8.15895E+00 3.33300E-01
 -1        58 2.47792E-01 8.30540E+00 3.32092E-01
 -1        59 2.46566E-01 8.45185E+00 3.30885E-01
 -1        60 2.45443E-01 8.59836E+00 3.28778E-01
 -1        61 2.44321E-01 8.74488E+00 3.26671E-01
 -1        62 2.43065E-01 8.89156E+00 3.25107E-01
 -1        63 2.41810E-01 9.03824E+00 3.23543E-01
 -1        64 2.40257E-01 9.18522E+00 3.24170E-01
 -1        65 2.38704E-01 9.33219E+00 3.24798E-01
 -1        66 2.37533E-01 9.47923E+00 3.25044E-01
 -1        67 2.36361E-01 9.62627E+00 3.25289E-01
 -1        68 2.35153E-01 9.77336E+00 3.25237E-01
 -1        69 2.33944E-01 9.92046E+00 3.25184E-01
 -1        70 2.32606E-01 1.00676E+01 3.24910E-01
 -1        71 2.31268E-01 1.02147E+01 3.24635E-01
 -1        72 2.29758E-01 1.03619E+01 3.24206E-01
 -1        73 2.28248E-01 1.05091E+01 3.23776E-01
 -1        74 2.27035E-01 1.06564E+01 3.22926E-01
 -1        75 2.25823E-01 1.08036E+01 3.22076E-01
 -1        76 2.24803E-01 1.09510E+01 3.20670E-01
 -1        77 2.23782E-01 1.10983E+01 3.19265E-01
 -1        78 2.22506E-01 1.12457E+01 3.17504E-01
 -1        79 2.21229E-01 1.13931E+01 3.15742E-01
 -1        80 2.19909E-01 1.15405E+01 3.13806E-01
 -1        81 2.18589E-01 1.16880E+01 3.11869E-01
 -1        82 2.17404E-01 1.18355E+01 3.09926E-01
 -1        83 2.16219E-01 1.19830E+01 3.07982E-01
 -1        84 2.14625E-01 1.21307E+01 3.08930E-01
 -1        85 2.13032E-01 1.22785E+01 3.09878E-01
 -1        86 2.11625E-01 1.24265E+01 3.12314E-01
 -1        87 2.10218E-01 1.25744E+01 3.14751E-01
 -1        88 2.08912E-01 1.27224E+01 3.17561E-01
 -1        89 2.07606E-01 1.28703E+01 3.20370E-01
 -1        90 2.06081E-01 1.30183E+01 3.23585E-01
 -1        91 2.04555E-01 1.31663E+01 3.26800E-01
 -1        92 2.02351E-01 1.33142E+01 3.30442E-01
 -1        93 2.00147E-01 1.34622E+01 3.34085E-01
 -1        94 1.98961E-01 1.36103E+01 3.37933E-01
 -1        95 1.97775E-01 1.37583E+01 3.41781E-01
 -1        96 1.97383E-01 1.39064E+01 3.45730E-01
 -1        97 1.96991E-01 1.40546E+01 3.49679E-01
 -1        98 1.95289E-01 1.42029E+01 3.55613E-01
 -1        99 1.93587E-01 1.43512E+01 3.61546E-01
 -1       100 1.91922E-01 1.44996E+01 3.68962E-01
 -1       101 1.90257E-01 1.46481E+01 3.76378E-01
 -1       102 1.88853E-01 1.47965E+01 3.84317E-01
 -1       103 1.87450E-01 1.49450E+01 3.92256E-01
 -1       104 1.85974E-01 1.50935E+01 4.00794E-01
 -1       105 1.84499E-01 1.52420E+01 4.09332E-01
 -1       106 1.83034E-01 1.53904E+01 4.18526E-01
 -1       107 1.81570E-01 1.55389E+01 4.27720E-01
 -1       108 1.79763E-01 1.56876E+01 4.39294E-01
 -1       109 1.77956E-01 1.58362E+01 4.50867E-01
 -1       110 1.76363E-01 1.59849E+01 4.63385E-01
 -1       111 1.74770E-01 1.61336E+01 4.75903E-01
 -1       112 1.73188E-01 1.62823E+01 4.89187E-01
 -1       113 1.71606E-01 1.64310E+01 5.02470E-01
 -1       114 1.69384E-01 1.65798E+01 5.17695E-01
 -1       115 1.67162E-01 1.67286E+01 5.32920E-01
 -1       116 1.65122E-01 1.68775E+01 5.48994E-01
 -1       117 1.63081E-01 1.70263E+01 5.65068E-01
 -1       118 1.61103E-01 1.71752E+01 5.81926E-01
 -1       119 1.59124E-01 1.73240E+01 5.98785E-01
 -1       120 8.79741E-01 8.57728E-23 6.51859E-02
 -1       121 8.76529E-01 1.45474E-01 6.60629E-02
 -1       122 8.73316E-01 2.90949E-01 6.69399E-02
 -1       123 8.70139E-01 4.36426E-01 6.34028E-02
 -1       124 8.66961E-01 5.81903E-01 5.98657E-02
 -1       125 8.63807E-01 7.27383E-01 5.48064E-02
 -1       126 8.60652E-01 8.72863E-01 4.97470E-02
 -1       127 8.57492E-01 1.01835E+00 4.60684E-02
 -1       128 8.54332E-01 1.16383E+00 4.23898E-02
 -1       129 8.51212E-01 1.30932E+00 4.30061E-02
 -1       130 8.48091E-01 1.45481E+00 4.36225E-02
 -1       131 8.45127E-01 1.60030E+00 4.71474E-02
 -1       132 8.42164E-01 1.74579E+00 5.06722E-02
 -1       133 8.39014E-01 1.89128E+00 5.33308E-02
 -1       134 8.35864E-01 2.03677E+00 5.59893E-02
 -1       135 8.32677E-01 2.18226E+00 5.73032E-02
 -1       136 8.29491E-01 2.32776E+00 5.86171E-02
 -1       137 8.26358E-01 2.47325E+00 5.81194E-02
 -1       138 8.23225E-01 2.61875E+00 5.76217E-02
 -1       139 8.19970E-01 2.76426E+00 5.64664E-02
 -1       140 8.16716E-01 2.90977E+00 5.53112E-02
 -1       141 8.13442E-01 3.05530E+00 5.37092E-02
 -1       142 8.10168E-01 3.20083E+00 5.21073E-02
 -1       143 8.06935E-01 3.34637E+00 5.00205E-02
 -1       144 8.03702E-01 3.49191E+00 4.79337E-02
 -1       145 8.00434E-01 3.63746E+00 4.65763E-02
 -1       146 7.97165E-01 3.78300E+00 4.52189E-02
 -1       147 7.93926E-01 3.92857E+00 4.58181E-02
 -1       148 7.90687E-01 4.07413E+00 4.64173E-02
 -1       149 7.87643E-01 4.21971E+00 5.02132E-02
 -1       150 7.84599E-01 4.36529E+00 5.40091E-02
 -1       151 7.81408E-01 4.51089E+00 6.06852E-02
 -1       152 7.78217E-01 4.65648E+00 6.73613E-02
 -1       153 7.74769E-01 4.80209E+00 7.49765E-02
 -1       154 7.71321E-01 4.94771E+00 8.25918E-02
 -1       155 7.68103E-01 5.09335E+00 9.00890E-02
 -1       156 7.64885E-01 5.23899E+00 9.75861E-02
 -1       157 7.61642E-01 5.38465E+00 1.03922E-01
 -1       158 7.58398E-01 5.53032E+00 1.10257E-01
 -1       159 7.55162E-01 5.67601E+00 1.14401E-01
 -1       160 7.51925E-01 5.82171E+00 1.18545E-01
 -1       161 7.48597E-01 5.96748E+00 1.20702E-01
 -1       162 7.45269E-01 6.11325E+00 1.22859E-01
 -1       163 7.41783E-01 6.25915E+00 1.23905E-01
 -1       164 7.38298E-01 6.40505E+00 1.24951E-01
 -1       165 7.34983E-01 6.55101E+00 1.23827E-01
 -1       166 7.31668E-01 6.69697E+00 1.22702E-01
 -1       167 7.28253E-01 6.84300E+00 1.20597E-01
 -1       168 7.24838E-01 6.98904E+00 1.18493E-01
 -1       169 7.21462E-01 7.13515E+00 1.16615E-01
 -1       170 7.18086E-01 7.28126E+00 1.14738E-01
 -1       171 7.14997E-01 7.42746E+00 1.14313E-01
 -1       172 7.11909E-01 7.57365E+00 1.13889E-01
 -1       173 7.08063E-01 7.71994E+00 1.15640E-01
 -1       174 7.04217E-01 7.86622E+00 1.17390E-01
 -1       175 7.00395E-01 8.01259E+00 1.20182E-01
 -1       176 6.96573E-01 8.15895E+00 1.22974E-01
 -1       177 6.93335E-01 8.30540E+00 1.25414E-01
 -1       178 6.90097E-01 8.45185E+00 1.27853E-01
 -1       179 6.86741E-01 8.59836E+00 1.28565E-01
 -1       180 6.83384E-01 8.74488E+00 1.29276E-01
 -1       181 6.79876E-01 8.89156E+00 1.28194E-01
 -1       182 6.76368E-01 9.03824E+00 1.27111E-01
 -1       183 6.72640E-01 9.18522E+00 1.25234E-01
 -1       184 6.68911E-01 9.33219E+00 1.23357E-01
 -1       185 6.65416E-01 9.47923E+00 1.19209E-01
 -1       186 6.61922E-01 9.62627E+00 1.15060E-01
 -1       187 6.58288E-01 9.77336E+00 1.09890E-01
 -1       188 6.54655E-01 9.92046E+00 1.04719E-01
 -1       189 6.51017E-01 1.00676E+01 9.97987E-02
 -1       190 6.47379E-01 1.02147E+01 9.48784E-02
 -1       191 6.43670E-01 1.03619E+01 9.15041E-02
 -1       192 6.39962E-01 1.05091E+01 8.81298E-02
 -1       193 6.35944E-01 1.06564E+01 8.69749E-02
 -1       194 6.31925E-01 1.08036E+01 8.58200E-02
 -1       195 6.28301E-01 1.09510E+01 8.60244E-02
 -1       196 6.24677E-01 1.10983E+01 8.62288E-02
 -1       197 6.21121E-01 1.12457E+01 8.69265E-02
 -1       198 6.17565E-01 1.13931E+01 8.76242E-02
 -1       199 6.13951E-01 1.15405E+01 8.79690E-02
 -1       200 6.10337E-01 1.16880E+01 8.83138E-02
 -1       201 6.06797E-01 1.18355E+01 8.74791E-02
 -1       202 6.03256E-01 1.19830E+01 8.66445E-02
 -1       203 5.99269E-01 1.21307E+01 8.66518E-02
 -1       204 5.95282E-01 1.22785E+01 8.66591E-02
 -1       205 5.91418E-01 1.24265E+01 8.63692E-02
 -1       206 5.87554E-01 1.25744E+01 8.60793E-02
 -1       207 5.83696E-01 1.27224E+01 8.52161E-02
 -1       208 5.79838E-01 1.28703E+01 8.43530E-02
 -1       209 5.75817E-01 1.30183E+01 8.38587E-02
 -1       210 5.71795E-01 1.31663E+01 8.33644E-02
 -1       211 5.66953E-01 1.33142E+01 8.42021E-02
 -1       212 5.62111E-01 1.34622E+01 8.50397E-02
 -1       213 5.58998E-01 1.36103E+01 8.76258E-02
 -1       214 5.55885E-01 1.37583E+01 9.02119E-02
 -1       215 5.53162E-01 1.39064E+01 9.41978E-02
 -1       216 5.50439E-01 1.40546E+01 9.81838E-02
 -1       217 5.45830E-01 1.42029E+01 1.05192E-01
 -1       218 5.41220E-01 1.43512E+01 1.12200E-01
 -1       219 5.36940E-01 1.44996E+01 1.21499E-01
 -1       220 5.32660E-01 1.46481E+01 1.30799E-01
 -1       221 5.28563E-01 1.47965E+01 1.41234E-01
 -1       222 5.24467E-01 1.49450E+01 1.51668E-01
 -1       223 5.20261E-01 1.50935E+01 1.63149E-01
 -1       224 5.16055E-01 1.52420E+01 1.74629E-01
 -1       225 5.11883E-01 1.53904E+01 1.87076E-01
 -1       226 5.07712E-01 1.55389E+01 1.99523E-01
 -1       227 5.02952E-01 1.56876E+01 2.14429E-01
 -1       228 4.98192E-01 1.58362E+01 2.29336E-01
 -1       229 4.93598E-01 1.59849E+01 2.45299E-01
 -1       230 4.89004E-01 1.61336E+01 2.61263E-01
 -1       231 4.84441E-01 1.62823E+01 2.78065E-01
 -1       232 4.79878E-01 1.64310E+01 2.94867E-01
 -1       233 4.73861E-01 1.65798E+01 3.13561E-01
 -1       234 4.67843E-01 1.67286E+01 3.32255E-01
 -1       235 4.62049E-01 1.68775E+01 3.51814E-01
 -1       236 4.56255E-01 1.70263E+01 3.71373E-01
 -1       237 4.50708E-01 1.71752E+01 3.91726E-01
 -1       238 4.45161E-01 1.73240E+01 4.12080E-01
 -3
    3C                           118                                     1
 -1         1   12    0    1
 -2         1         3         2
 -1         2   12    0    1
 -2         3         5         4
 -1         3   12    0    1
 -2         5         7         6
 -1         4   12    0    1
 -2         7         9         8
 -1         5   12    0    1
 -2         9        11        10
 -1         6   12    0    1
 -2        11        13        12
 -1         7   12    0    1
 -2        13        15        14
 -1         8   12    0    1
 -2        15        17        16
 -1         9   12    0    1
 -2        17        19        18
 -1        10   12    0    1
 -2        19        21        20
 -1        11   12    0    1
 -2        21        23        22
 -1        12   12    0    1
 -2        23        25        24
 -1        13   12    0    1
 -2        25        27        26
 -1        14   12    0    1
 -2        27        29        28
 -1        15   12    0    1
 -2        29        31        30
 -1        16   12    0    1
 -2        31        33        32
 -1        17   12    0    1
 -2        33        35        34
 -1        18   12    0    1
 -2        35        37        36
 -1        19   12    0    1
 -2        37        39        38
 -1        20   12    0    1
 -2        39        41        40
 -1        21   12    0    1
 -2        41        43        42
 -1        22   12    0    1
 -2        43        45        44
 -1        23   12    0    1
 -2        45        47        46
 -1        24   12    0    1
 -2        47        49        48
 -1        25   12    0    1
 -2        49        51        50
 -1        26   12    0    1
 -2        51        53        52
 -1        27   12    0    1
 -2        53        55        54
 -1        28   12    0    1
 -2        55        57        56
 -1        29   12    0    1
 -2        57        59        58
 -1        30   12    0    1
 -2        59        61        60
 -1        31   12    0    1
 -2        61        63        62
 -1        32   12    0    1
 -2        63        65        64
 -1        33   12    0    1
 -2        65        67        66
 -1        34   12    0    1
 -2        67        69        68
 -1        35   12    0    1
 -2        69        71        70
 -1        36   12    0    1
 -2        71        73        72
 -1        37   12    0    1
 -2        73        75        74
 -1        38   12    0    1
 -2        75        77        76
 -1        39   12    0    1
 -2        77        79        78
 -1        40   12    0    1
 -2        79        81        80
 -1        41   12    0    1
 -2        81        83        82
 -1        42   12    0    1
 -2        83        85        84
 -1        43   12    0    1
 -2        85        87        86
 -1        44   12    0    1
 -2        87        89        88
 -1        45   12    0    1
 -2        89        91        90
 -1        46   12    0    1
 -2        91        93        92
 -1        47   12    0    1
 -2        93        95        94
 -1        48   12    0    1
 -2        95        97        96
 -1        49   12    0    1
 -2        97        99        98
 -1        50   12    0    1
 -2        99       101       100
 -1        51   12    0    1
 -2       101       103       102
 -1        52   12    0    1
 -2       103       105       104
 -1        53   12    0    1
 -2       105       107       106
 -1        54   12    0    1
 -2       107       109       108
 -1        55   12    0    1
 -2       109       111       110
 -1        56   12    0    1
 -2       111       113       112
 -1        57   12    0    1
 -2       113       115       114
 -1        58   12    0    1
 -2       115       117       116
 -1        59   12    0    1
 -2       117       119       118
 -1        60   12    0    2
 -2       120       122       121
 -1        61   12    0    2
 -2       122       124       123
 -1        62   12    0    2
 -2       124       126       125
 -1        63   12    0    2
 -2       126       128       127
 -1        64   12    0    2
 -2       128       130       129
 -1        65   12    0    2
 -2       130       132       131
 -1        66   12    0    2
 -2       132       134       133
 -1        67   12    0    2
 -2       134       136       135
 -1        68   12    0    2
 -2       136       138       137
 -1        69   12    0    2
 -2       138       140       139
 -1        70   12    0    2
 -2       140       142       141
 -1        71   12    0    2
 -2       142       144       143
 -1        72   12    0    2
 -2       144       146       145
 -1        73   12    0    2
 -2       146       148       147
 -1        74   12    0    2
 -2       148       150       149
 -1        75   12    0    2
 -2       150       152       151
 -1        76   12    0    2
 -2       152       154       153
 -1        77   12    0    2
 -2       154       156       155
 -1        78   12    0    2
 -2       156       158       157
 -1        79   12    0    2
 -2       158       160       159
 -1        80   12    0    2
 -2       160       162       161
 -1        81   12    0    2
 -2       162       164       163
 -1        82   12    0    2
 -2       164       166       165
 -1        83   12    0    2
 -2       166       168       167
 -1        84   12    0    2
 -2       168       170       169
 -1        85   12    0    2
 -2       170       172       171
 -1        86   12    0    2
 -2       172       174       173
 -1        87   12    0    2
 -2       174       176       175
 -1        88   12    0    2
 -2       176       178       177
 -1        89   12    0    2
 -2       178       180       179
 -1        90   12    0    2
 -2       180       182       181
 -1        91   12    0    2
 -2       182       184       183
 -1        92   12    0    2
 -2       184       186       185
 -1        93   12    0    2
 -2       186       188       187
 -1        94   12    0    2
 -2       188       190       189
 -1        95   12    0    2
 -2       190       192       191
 -1        96   12    0    2
 -2       192       194       193
 -1        97   12    0    2
 -2       194       196       195
 -1        98   12    0    2
 -2       196       198       197
 -1        99   12    0    2
 -2       198       200       199
 -1       100   12    0    2
 -2       200       202       201
 -1       101   12    0    2
 -2       202       204       203
 -1       102   12    0    2
 -2       204       206       205
 -1       103   12    0    2
 -2       206       208       207
 -1       104   12    0    2
 -2       208       210       209
 -1       105   12    0    2
 -2       210       212       211
 -1       106   12    0    2
 -2       212       214       213
 -1       107   12    0    2
 -2       214       216       215
 -1       108   12    0    2
 -2       216       218       217
 -1       109   12    0    2
 -2       218       220       219
 -1       110   12    0    2
 -2       220       222       221
 -1       111   12    0    2
 -2       222       224       223
 -1       112   12    0    2
 -2       224       226       225
 -1       113   12    0    2
 -2       226       228       227
 -1       114   12    0    2
 -2       228       230       229
 -1       115   12    0    2
 -2       230       232       231
 -1       116   12    0    2
 -2       232       234       233
 -1       117   12    0    2
 -2       234       236       235
 -1       118   12    0    2
 -2       236       238       237
 -3
    1PSTEP                         1           1           1          
  100CL  101 1.000000000         238                     0    1           1
 -4  DISP        4    1
 -5  D1          1    2    1    0
 -5  D2          1    2    2    0
 -5  D3          1    2    3    0
 -5  ALL         1    2    0    0    1ALL
 -1         1 0.00000E+00-9.92617E-24-2.64698E-23
 -1         2-1.32854E-05 2.54945E-06 8.97925E-05
 -1         3-5.24169E-05 3.19806E-07 3.51045E-04
 -1         4-1.16527E-04-6.46111E-06 7.73556E-04
 -1         5-2.03077E-04-1.71738E-05 1.33556E-03
 -1         6-3.09221E-04-3.11273E-05 2.01348E-03
 -1         7-4.32557E-04-4.78605E-05 2.78891E-03
 -1         8-5.70769E-04-6.66445E-05 3.64462E-03
 -1         9-7.21401E-04-8.72881E-05 4.56469E-03
 -1        10-8.81962E-04-1.08578E-04 5.53360E-03
 -1        11-1.04990E-03-1.30938E-04 6.53812E-03
 -1        12-1.22284E-03-1.57964E-04 7.56474E-03
 -1        13-1.40022E-03-1.85233E-04 8.59594E-03
 -1        14-1.58165E-03-2.12563E-04 9.61387E-03
 -1        15-1.76677E-03-2.39224E-04 1.06028E-02
 -1        16-1.95521E-03-2.64917E-04 1.15477E-02
 -1        17-2.14659E-03-2.89159E-04 1.24356E-02
 -1        18-2.34052E-03-3.11644E-04 1.32539E-02
 -1        19-2.53660E-03-3.32052E-04 1.39924E-02
 -1        20-2.73444E-03-3.57292E-04 1.46414E-02
 -1        21-2.93365E-03-3.78904E-04 1.51934E-02
 -1        22-3.13388E-03-4.00638E-04 1.56417E-02
 -1        23-3.33475E-03-4.17322E-04 1.59817E-02
 -1        24-3.53587E-03-4.28700E-04 1.62095E-02
 -1        25-3.73685E-03-4.34743E-04 1.63232E-02
 -1        26-3.93730E-03-4.35418E-04 1.63216E-02
 -1        27-4.13680E-03-4.30757E-04 1.62054E-02
 -1        28-4.33498E-03-4.21000E-04 1.59759E-02
 -1        29-4.53143E-03-4.06209E-04 1.56365E-02
 -1        30-4.72576E-03-3.86980E-04 1.51910E-02
 -1        31-4.91753E-03-3.63304E-04 1.46454E-02
 -1        32-5.10638E-03-3.37780E-04 1.40056E-02
 -1        33-5.29231E-03-3.08521E-04 1.32781E-02
 -1        34-5.47539E-03-2.77682E-04 1.24692E-02
 -1        35-5.65568E-03-2.43890E-04 1.15876E-02
 -1        36-5.83321E-03-2.09750E-04 1.06420E-02
 -1        37-6.00806E-03-1.73604E-04 9.64367E-03
 -1        38-6.18026E-03-1.39002E-04 8.60404E-03
 -1        39-6.34989E-03-1.03432E-04 7.53681E-03
 -1        40-6.51699E-03-7.13371E-05 6.45582E-03
 -1        41-6.68164E-03-3.93096E-05 5.37738E-03
 -1        42-6.84401E-03-3.71619E-06 4.31747E-03
 -1        43-7.00403E-03 3.05768E-05 3.29521E-03
 -1        44-7.16200E-03 7.33284E-05 2.32877E-03
 -1        45-7.31772E-03 1.12485E-04 1.44008E-03
 -1        46-7.47125E-03 1.43214E-04 6.50280E-04
 -1        47-7.62262E-03 1.68951E-04-1.68090E-05
 -1        48-7.77193E-03 1.85407E-04-5.37512E-04
 -1        49-7.91921E-03 1.95960E-04-8.85606E-04
 -1        50-8.06457E-03 1.98573E-04-1.03480E-03
 -1        51-8.20803E-03 1.95139E-04-9.56602E-04
 -1        52-8.34973E-03 1.87869E-04-6.21951E-04
 -1        53-8.48966E-03 1.75485E-04 0.00000E+00
 -1        54-8.62797E-03 1.68022E-04 9.33884E-04
 -1        55-8.76405E-03 1.58493E-04 2.14467E-03
 -1        56-8.89755E-03 1.59479E-04 3.59165E-03
 -1        57-9.02777E-03 1.60721E-04 5.23422E-03
 -1        58-9.15438E-03 1.75400E-04 7.03380E-03
 -1        59-9.27667E-03 1.91132E-04 8.95158E-03
 -1        60-9.39424E-03 2.19884E-04 1.09508E-02
 -1        61-9.50638E-03 2.49352E-04 1.29947E-02
 -1        62-9.61258E-03 2.71282E-04 1.50497E-02
 -1        63-9.71222E-03 2.93004E-04 1.70798E-02
 -1        64-9.80472E-03 2.84510E-04 1.90553E-02
 -1        65-9.88964E-03 2.76523E-04 2.09409E-02
 -1        66-9.96657E-03 2.73906E-04 2.27061E-02
 -1        67-1.00349E-02 2.71622E-04 2.43205E-02
 -1        68-1.00941E-02 2.72597E-04 2.57553E-02
 -1        69-1.01436E-02 2.73580E-04 2.69841E-02
 -1        70-1.01829E-02 2.76033E-04 2.79801E-02
 -1        71-1.02112E-02 2.78089E-04 2.87130E-02
 -1        72-1.02281E-02 2.80163E-04 2.91562E-02
 -1        73-1.02336E-02 2.81475E-04 2.93042E-02
 -1        74-1.02354E-02 2.82529E-04 2.94092E-02
 -1        75-1.02404E-02 2.84640E-04 2.97040E-02
 -1        76-1.02491E-02 2.89851E-04 3.02019E-02
 -1        77-1.02618E-02 2.97104E-04 3.09182E-02
 -1        78-1.02782E-02 3.08333E-04 3.18263E-02
 -1        79-1.02977E-02 3.21345E-04 3.28860E-02
 -1        80-1.03197E-02 3.37030E-04 3.40561E-02
 -1        81-1.03434E-02 3.53688E-04 3.53014E-02
 -1        82-1.03685E-02 3.70983E-04 3.65895E-02
 -1        83-1.03943E-02 3.88417E-04 3.78889E-02
 -1        84-1.04200E-02 3.80435E-04 3.91718E-02
 -1        85-1.04452E-02 3.72755E-04 4.04086E-02
 -1        86-1.04694E-02 3.53843E-04 4.15744E-02
 -1        87-1.04921E-02 3.36532E-04 4.26446E-02
 -1        88-1.05128E-02 3.18796E-04 4.35968E-02
 -1        89-1.05308E-02 3.03692E-04 4.44119E-02
 -1        90-1.05456E-02 2.89742E-04 4.50711E-02
 -1        91-1.05566E-02 2.79653E-04 4.55547E-02
 -1        92-1.05633E-02 2.72913E-04 4.58457E-02
 -1        93-1.05655E-02 2.71043E-04 4.59422E-02
 -1        94-1.05655E-02 2.68772E-04 4.60297E-02
 -1        95-1.05655E-02 2.62347E-04 4.62774E-02
 -1        96-1.05654E-02 2.50598E-04 4.67181E-02
 -1        97-1.05652E-02 2.32810E-04 4.73863E-02
 -1        98-1.05649E-02 1.97780E-04 4.82624E-02
 -1        99-1.05645E-02 1.55782E-04 4.93127E-02
 -1       100-1.05639E-02 9.62682E-05 5.05046E-02
 -1       101-1.05632E-02 3.10120E-05 5.18112E-02
 -1       102-1.05625E-02-4.37538E-05 5.32097E-02
 -1       103-1.05617E-02-1.22316E-04 5.46792E-02
 -1       104-1.05608E-02-2.09783E-04 5.62005E-02
 -1       105-1.05599E-02-2.99336E-04 5.77581E-02
 -1       106-1.05590E-02-3.97152E-04 5.93381E-02
 -1       107-1.05580E-02-4.95693E-04 6.09297E-02
 -1       108-1.05568E-02-6.19931E-04 6.25258E-02
 -1       109-1.05555E-02-7.43879E-04 6.41181E-02
 -1       110-1.05542E-02-8.77227E-04 6.57021E-02
 -1       111-1.05529E-02-1.00969E-03 6.72757E-02
 -1       112-1.05515E-02-1.14926E-03 6.88380E-02
 -1       113-1.05501E-02-1.28801E-03 7.03912E-02
 -1       114-1.05486E-02-1.44635E-03 7.19393E-02
 -1       115-1.05470E-02-1.60420E-03 7.34826E-02
 -1       116-1.05454E-02-1.77052E-03 7.50229E-02
 -1       117-1.05437E-02-1.93664E-03 7.65614E-02
 -1       118-1.05420E-02-2.11077E-03 7.80991E-02
 -1       119-1.05403E-02-2.28486E-03 7.96364E-02
 -1       120 1.32349E-23 1.29247E-24-2.97785E-23
 -1       121-1.58831E-05-1.92621E-05 1.37035E-04
 -1       122-6.18674E-05-4.00766E-05 4.22994E-04
 -1       123-1.34373E-04-5.28117E-05 7.09125E-04
 -1       124-2.28503E-04-6.60769E-05 9.91704E-04
 -1       125-3.39879E-04-7.52634E-05 1.31844E-03
 -1       126-4.65401E-04-7.93520E-05 1.79895E-03
 -1       127-6.02188E-04-8.15971E-05 2.54447E-03
 -1       128-7.47198E-04-7.58456E-05 3.61008E-03
 -1       129-8.96585E-04-1.03054E-04 4.99621E-03
 -1       130-1.04990E-03-1.30938E-04 6.53812E-03
 -1       131-1.20618E-03-1.73887E-04 8.05927E-03
 -1       132-1.36706E-03-2.15061E-04 9.50702E-03
 -1       133-1.53409E-03-2.46302E-04 1.08584E-02
 -1       134-1.70726E-03-2.75484E-04 1.20941E-02
 -1       135-1.88671E-03-2.92292E-04 1.31972E-02
 -1       136-2.07175E-03-3.07863E-04 1.41571E-02
 -1       137-2.26235E-03-3.12108E-04 1.49674E-02
 -1       138-2.45816E-03-3.16914E-04 1.56305E-02
 -1       139-2.65915E-03-3.20179E-04 1.61520E-02
 -1       140-2.86436E-03-3.24553E-04 1.65395E-02
 -1       141-3.07278E-03-3.29267E-04 1.68014E-02
 -1       142-3.28317E-03-3.35259E-04 1.69473E-02
 -1       143-3.49441E-03-3.42290E-04 1.69869E-02
 -1       144-3.70555E-03-3.50643E-04 1.69314E-02
 -1       145-3.91570E-03-3.59580E-04 1.67907E-02
 -1       146-4.12377E-03-3.69195E-04 1.65685E-02
 -1       147-4.32862E-03-3.75403E-04 1.62634E-02
 -1       148-4.52937E-03-3.81080E-04 1.58604E-02
 -1       149-4.72546E-03-3.74422E-04 1.53361E-02
 -1       150-4.91753E-03-3.63304E-04 1.46454E-02
 -1       151-5.10659E-03-3.26089E-04 1.37524E-02
 -1       152-5.29253E-03-2.80586E-04 1.26812E-02
 -1       153-5.47547E-03-2.21147E-04 1.14698E-02
 -1       154-5.65549E-03-1.56221E-04 1.01555E-02
 -1       155-5.83282E-03-8.86402E-05 8.77472E-03
 -1       156-6.00745E-03-1.93442E-05 7.36241E-03
 -1       157-6.17923E-03 3.86045E-05 5.95184E-03
 -1       158-6.34824E-03 9.52177E-05 4.57395E-03
 -1       159-6.51431E-03 1.29395E-04 3.25751E-03
 -1       160-6.67764E-03 1.61183E-04 2.02799E-03
 -1       161-6.83820E-03 1.74516E-04 9.08256E-04
 -1       162-6.99618E-03 1.86001E-04-8.13130E-05
 -1       163-7.15187E-03 1.88748E-04-9.23182E-04
 -1       164-7.30549E-03 1.90381E-04-1.60102E-03
 -1       165-7.45751E-03 1.83504E-04-2.10123E-03
 -1       166-7.60799E-03 1.78126E-04-2.41354E-03
 -1       167-7.75724E-03 1.73397E-04-2.52953E-03
 -1       168-7.90533E-03 1.71622E-04-2.44338E-03
 -1       169-8.05257E-03 1.72422E-04-2.15024E-03
 -1       170-8.19909E-03 1.75944E-04-1.64709E-03
 -1       171-8.34476E-03 1.75396E-04-9.30984E-04
 -1       172-8.48966E-03 1.75485E-04-2.64698E-23
 -1       173-8.63235E-03 1.54665E-04 1.14391E-03
 -1       174-8.77079E-03 1.31680E-04 2.47702E-03
 -1       175-8.90150E-03 9.64097E-05 3.97001E-03
 -1       176-9.02184E-03 5.91176E-05 5.58258E-03
 -1       177-9.13014E-03 2.51709E-05 7.27371E-03
 -1       178-9.22852E-03-9.17927E-06 9.00176E-03
 -1       179-9.32094E-03-2.30709E-05 1.07294E-02
 -1       180-9.40895E-03-3.67257E-05 1.24281E-02
 -1       181-9.49522E-03-3.00018E-05 1.40776E-02
 -1       182-9.57972E-03-2.37007E-05 1.56645E-02
 -1       183-9.66305E-03-9.80291E-06 1.71844E-02
 -1       184-9.74334E-03 3.22718E-06 1.86304E-02
 -1       185-9.82010E-03 3.67536E-05 2.00040E-02
 -1       186-9.89279E-03 6.87520E-05 2.13200E-02
 -1       187-9.96233E-03 1.08608E-04 2.25995E-02
 -1       188-1.00279E-02 1.48182E-04 2.38683E-02
 -1       189-1.00887E-02 1.86239E-04 2.51532E-02
 -1       190-1.01441E-02 2.25732E-04 2.64770E-02
 -1       191-1.01927E-02 2.52776E-04 2.78589E-02
 -1       192-1.02336E-02 2.81475E-04 2.93042E-02
 -1       193-1.02648E-02 2.91000E-04 3.08143E-02
 -1       194-1.02865E-02 3.01229E-04 3.23809E-02
 -1       195-1.02985E-02 2.97226E-04 3.39936E-02
 -1       196-1.03026E-02 2.93380E-04 3.56346E-02
 -1       197-1.03003E-02 2.84153E-04 3.72849E-02
 -1       198-1.02938E-02 2.75097E-04 3.89209E-02
 -1       199-1.02851E-02 2.70101E-04 4.05193E-02
 -1       200-1.02760E-02 2.65264E-04 4.20547E-02
 -1       201-1.02687E-02 2.72167E-04 4.35029E-02
 -1       202-1.02647E-02 2.78362E-04 4.48411E-02
 -1       203-1.02655E-02 2.76807E-04 4.60482E-02
 -1       204-1.02718E-02 2.75108E-04 4.70935E-02
 -1       205-1.02839E-02 2.74995E-04 4.79483E-02
 -1       206-1.03022E-02 2.74280E-04 4.85811E-02
 -1       207-1.03274E-02 2.74371E-04 4.89615E-02
 -1       208-1.03601E-02 2.72604E-04 4.90588E-02
 -1       209-1.04007E-02 2.69302E-04 4.88415E-02
 -1       210-1.04494E-02 2.64603E-04 4.82752E-02
 -1       211-1.05054E-02 2.66680E-04 4.73231E-02
 -1       212-1.05655E-02 2.71043E-04 4.59422E-02
 -1       213-1.06268E-02 3.01917E-04 4.41005E-02
 -1       214-1.06883E-02 3.40444E-04 4.18205E-02
 -1       215-1.07505E-02 4.11545E-04 3.91358E-02
 -1       216-1.08130E-02 4.92635E-04 3.60796E-02
 -1       217-1.08775E-02 6.51372E-04 3.26776E-02
 -1       218-1.09424E-02 8.24813E-04 2.89643E-02
 -1       219-1.10093E-02 1.07340E-03 2.49651E-02
 -1       220-1.10767E-02 1.33799E-03 2.07103E-02
 -1       221-1.11453E-02 1.65128E-03 1.62257E-02
 -1       222-1.12145E-02 1.97897E-03 1.15362E-02
 -1       223-1.12848E-02 2.35364E-03 6.66469E-03
 -1       224-1.13556E-02 2.74066E-03 1.63334E-03
 -1       225-1.14276E-02 3.17208E-03-3.53737E-03
 -1       226-1.15000E-02 3.61359E-03-8.82846E-03
 -1       227-1.15750E-02 4.15271E-03-1.42291E-02
 -1       228-1.16503E-02 4.70053E-03-1.97166E-02
 -1       229-1.17269E-02 5.29508E-03-2.52763E-02
 -1       230-1.18038E-02 5.89590E-03-3.08944E-02
 -1       231-1.18817E-02 6.53361E-03-3.65586E-02
 -1       232-1.19597E-02 7.17535E-03-4.22584E-02
 -1       233-1.20398E-02 7.89221E-03-4.79918E-02
 -1       234-1.21201E-02 8.61142E-03-5.37438E-02
 -1       235-1.22013E-02 9.36569E-03-5.95080E-02
 -1       236-1.22825E-02 1.01209E-02-6.52793E-02
 -1       237-1.23646E-02 1.09074E-02-7.10538E-02
 -1       238-1.24467E-02 1.16941E-02-7.68298E-02
 -3
 9999
